C:/Users/bachirin/Desktop/AWS_gs/aws_poc_aed/Middleware/AWS/OTA/source/ota.c:640:13:platformInSelftest	8	static
C:/Users/bachirin/Desktop/AWS_gs/aws_poc_aed/Middleware/AWS/OTA/source/ota.c:1724:22:verifyRequiredParamsExtracted	0	static
C:/Users/bachirin/Desktop/AWS_gs/aws_poc_aed/Middleware/AWS/OTA/source/ota.c:2558:23:decodeAndStoreDataBlock	56	static
C:/Users/bachirin/Desktop/AWS_gs/aws_poc_aed/Middleware/AWS/OTA/source/ota.c:2854:17:searchTransition	0	static
C:/Users/bachirin/Desktop/AWS_gs/aws_poc_aed/Middleware/AWS/OTA/source/ota.c:2974:13:initializeAppBuffers	0	static
C:/Users/bachirin/Desktop/AWS_gs/aws_poc_aed/Middleware/AWS/OTA/source/ota.c:3054:13:initializeLocalBuffers	0	static
C:/Users/bachirin/Desktop/AWS_gs/aws_poc_aed/Middleware/AWS/OTA/source/ota.c:1345:17:suspendHandler	8	static
C:/Users/bachirin/Desktop/AWS_gs/aws_poc_aed/Middleware/AWS/OTA/source/ota.c:2462:13:validateDataBlock	16	static
C:/Users/bachirin/Desktop/AWS_gs/aws_poc_aed/Middleware/AWS/OTA/source/ota.c:2484:23:processDataBlock	40	static
C:/Users/bachirin/Desktop/AWS_gs/aws_poc_aed/Middleware/AWS/OTA/source/ota.c:1838:22:initDocModel	16	static
C:/Users/bachirin/Desktop/AWS_gs/aws_poc_aed/Middleware/AWS/OTA/source/ota.c:1903:17:validateUpdateVersion	32	static
C:/Users/bachirin/Desktop/AWS_gs/aws_poc_aed/Middleware/AWS/OTA/source/ota.c:2783:13:handleUnexpectedEvents	24	static
C:/Users/bachirin/Desktop/AWS_gs/aws_poc_aed/Middleware/AWS/OTA/source/ota.c:655:17:updateJobStatusFromImageState	8	static
C:/Users/bachirin/Desktop/AWS_gs/aws_poc_aed/Middleware/AWS/OTA/source/ota.c:1393:13:freeFileContextMem	8	static
C:/Users/bachirin/Desktop/AWS_gs/aws_poc_aed/Middleware/AWS/OTA/source/ota.c:1484:13:otaClose	16	static
C:/Users/bachirin/Desktop/AWS_gs/aws_poc_aed/Middleware/AWS/OTA/source/ota.c:2748:13:agentShutdownCleanup	8	static
C:/Users/bachirin/Desktop/AWS_gs/aws_poc_aed/Middleware/AWS/OTA/source/ota.c:1330:17:shutdownHandler	8	static
C:/Users/bachirin/Desktop/AWS_gs/aws_poc_aed/Middleware/AWS/OTA/source/ota.c:1293:17:closeFileHandler	16	static
C:/Users/bachirin/Desktop/AWS_gs/aws_poc_aed/Middleware/AWS/OTA/source/ota.c:2821:13:executeHandler	32	static
C:/Users/bachirin/Desktop/AWS_gs/aws_poc_aed/Middleware/AWS/OTA/source/ota.c:2872:13:receiveAndProcessOtaEvent	16	static
C:/Users/bachirin/Desktop/AWS_gs/aws_poc_aed/Middleware/AWS/OTA/source/ota.c:1514:22:validateJSON	16	static
C:/Users/bachirin/Desktop/AWS_gs/aws_poc_aed/Middleware/AWS/OTA/source/ota.c:1592:22:extractAndStoreArray	32	static
C:/Users/bachirin/Desktop/AWS_gs/aws_poc_aed/Middleware/AWS/OTA/source/ota.c:1547:22:decodeAndStoreKey	72	static
C:/Users/bachirin/Desktop/AWS_gs/aws_poc_aed/Middleware/AWS/OTA/source/ota.c:1659:22:extractParameter	48	static
C:/Users/bachirin/Desktop/AWS_gs/aws_poc_aed/Middleware/AWS/OTA/source/ota.c:1756:22:parseJSONbyModel	80	static
C:/Users/bachirin/Desktop/AWS_gs/aws_poc_aed/Middleware/AWS/OTA/source/ota.c:2032:25:verifyActiveJobStatus	24	static
C:/Users/bachirin/Desktop/AWS_gs/aws_poc_aed/Middleware/AWS/OTA/source/ota.c:2919:6:OTA_EventProcessingTask	8	static
C:/Users/bachirin/Desktop/AWS_gs/aws_poc_aed/Middleware/AWS/OTA/source/ota.c:3075:10:OTA_Init	32	static
C:/Users/bachirin/Desktop/AWS_gs/aws_poc_aed/Middleware/AWS/OTA/source/ota.c:3228:12:OTA_GetState	0	static
C:/Users/bachirin/Desktop/AWS_gs/aws_poc_aed/Middleware/AWS/OTA/source/ota.c:3236:10:OTA_GetStatistics	0	static
C:/Users/bachirin/Desktop/AWS_gs/aws_poc_aed/Middleware/AWS/OTA/source/ota.c:3367:17:OTA_GetImageState	0	static
C:/Users/bachirin/Desktop/AWS_gs/aws_poc_aed/Middleware/AWS/OTA/source/ota.c:3440:14:OTA_Err_strerror	0	static
C:/Users/bachirin/Desktop/AWS_gs/aws_poc_aed/Middleware/AWS/OTA/source/ota.c:1952:25:handleCustomJob	72	static
C:/Users/bachirin/Desktop/AWS_gs/aws_poc_aed/Middleware/AWS/OTA/source/ota.c:3546:14:OTA_JobParse_strerror	0	static
C:/Users/bachirin/Desktop/AWS_gs/aws_poc_aed/Middleware/AWS/OTA/source/ota.c:2218:13:handleJobParsingError	24	static
C:/Users/bachirin/Desktop/AWS_gs/aws_poc_aed/Middleware/AWS/OTA/source/ota.c:3596:14:OTA_OsStatus_strerror	0	static
C:/Users/bachirin/Desktop/AWS_gs/aws_poc_aed/Middleware/AWS/OTA/source/ota.c:2934:6:OTA_SignalEvent	16	static
C:/Users/bachirin/Desktop/AWS_gs/aws_poc_aed/Middleware/AWS/OTA/source/ota.c:1355:17:resumeHandler	16	static
C:/Users/bachirin/Desktop/AWS_gs/aws_poc_aed/Middleware/AWS/OTA/source/ota.c:1369:17:jobNotificationHandler	24	static
C:/Users/bachirin/Desktop/AWS_gs/aws_poc_aed/Middleware/AWS/OTA/source/ota.c:611:13:otaTimerCallback	24	static
C:/Users/bachirin/Desktop/AWS_gs/aws_poc_aed/Middleware/AWS/OTA/source/ota.c:1143:13:dataHandlerCleanup	24	static
C:/Users/bachirin/Desktop/AWS_gs/aws_poc_aed/Middleware/AWS/OTA/source/ota.c:897:17:processNullFileContext	16	static
C:/Users/bachirin/Desktop/AWS_gs/aws_poc_aed/Middleware/AWS/OTA/source/ota.c:761:17:startHandler	16	static
C:/Users/bachirin/Desktop/AWS_gs/aws_poc_aed/Middleware/AWS/OTA/source/ota.c:3169:12:OTA_Shutdown	16	static
C:/Users/bachirin/Desktop/AWS_gs/aws_poc_aed/Middleware/AWS/OTA/source/ota.c:3249:10:OTA_CheckForUpdate	16	static
C:/Users/bachirin/Desktop/AWS_gs/aws_poc_aed/Middleware/AWS/OTA/source/ota.c:3378:10:OTA_Suspend	24	static
C:/Users/bachirin/Desktop/AWS_gs/aws_poc_aed/Middleware/AWS/OTA/source/ota.c:3411:10:OTA_Resume	24	static
C:/Users/bachirin/Desktop/AWS_gs/aws_poc_aed/Middleware/AWS/OTA/source/ota.c:1012:17:initFileHandler	32	static
C:/Users/bachirin/Desktop/AWS_gs/aws_poc_aed/Middleware/AWS/OTA/source/ota.c:830:17:requestJobHandler	32	static
C:/Users/bachirin/Desktop/AWS_gs/aws_poc_aed/Middleware/AWS/OTA/source/ota.c:3650:14:OTA_PalStatus_strerror	0	static
C:/Users/bachirin/Desktop/AWS_gs/aws_poc_aed/Middleware/AWS/OTA/source/ota.c:701:17:setImageStateWithReason	40	static
C:/Users/bachirin/Desktop/AWS_gs/aws_poc_aed/Middleware/AWS/OTA/source/ota.c:1306:17:userAbortHandler	8	static
C:/Users/bachirin/Desktop/AWS_gs/aws_poc_aed/Middleware/AWS/OTA/source/ota.c:1083:17:requestDataHandler	24	static
C:/Users/bachirin/Desktop/AWS_gs/aws_poc_aed/Middleware/AWS/OTA/source/ota.c:788:17:inSelfTestHandler	24	static
C:/Users/bachirin/Desktop/AWS_gs/aws_poc_aed/Middleware/AWS/OTA/source/ota.c:2104:13:handleSelfTestJobDoc	16	static
C:/Users/bachirin/Desktop/AWS_gs/aws_poc_aed/Middleware/AWS/OTA/source/ota.c:2159:25:validateAndStartJob	16	static
C:/Users/bachirin/Desktop/AWS_gs/aws_poc_aed/Middleware/AWS/OTA/source/ota.c:2289:27:parseJobDoc	96	static
C:/Users/bachirin/Desktop/AWS_gs/aws_poc_aed/Middleware/AWS/OTA/source/ota.c:2353:27:getFileContextFromJob	40	static
C:/Users/bachirin/Desktop/AWS_gs/aws_poc_aed/Middleware/AWS/OTA/source/ota.c:925:17:processValidFileContext	24	static
C:/Users/bachirin/Desktop/AWS_gs/aws_poc_aed/Middleware/AWS/OTA/source/ota.c:980:17:processJobHandler	16	static
C:/Users/bachirin/Desktop/AWS_gs/aws_poc_aed/Middleware/AWS/OTA/source/ota.c:3313:10:OTA_SetImageState	16	static
C:/Users/bachirin/Desktop/AWS_gs/aws_poc_aed/Middleware/AWS/OTA/source/ota.c:2634:23:ingestDataBlockCleanup	24	static
C:/Users/bachirin/Desktop/AWS_gs/aws_poc_aed/Middleware/AWS/OTA/source/ota.c:2703:23:ingestDataBlock	40	static
C:/Users/bachirin/Desktop/AWS_gs/aws_poc_aed/Middleware/AWS/OTA/source/ota.c:1165:17:processDataHandler	80	static
C:/Users/bachirin/Desktop/AWS_gs/aws_poc_aed/Middleware/AWS/OTA/source/ota.c:3277:10:OTA_ActivateNewImage	16	static
