C:/Users/bachirin/Desktop/AWS_gs/aws_poc_aed/Middleware/AWS/OTA/source/ota_mqtt.c:283:15:stringBuilderUInt32Decimal	24	static
C:/Users/bachirin/Desktop/AWS_gs/aws_poc_aed/Middleware/AWS/OTA/source/ota_mqtt.c:312:15:stringBuilderUInt32Hex	24	static
C:/Users/bachirin/Desktop/AWS_gs/aws_poc_aed/Middleware/AWS/OTA/source/ota_mqtt.c:258:15:stringBuilder	32	static
C:/Users/bachirin/Desktop/AWS_gs/aws_poc_aed/Middleware/AWS/OTA/source/ota_mqtt.c:596:17:buildStatusMessageReceiving	80	static
C:/Users/bachirin/Desktop/AWS_gs/aws_poc_aed/Middleware/AWS/OTA/source/ota_mqtt.c:653:17:prvBuildStatusMessageSelfTest	72	static
C:/Users/bachirin/Desktop/AWS_gs/aws_poc_aed/Middleware/AWS/OTA/source/ota_mqtt.c:696:17:prvBuildStatusMessageFinish	264	static
C:/Users/bachirin/Desktop/AWS_gs/aws_poc_aed/Middleware/AWS/OTA/source/ota_mqtt.c:1179:10:decodeFileBlock_Mqtt	32	static
C:/Users/bachirin/Desktop/AWS_gs/aws_poc_aed/Middleware/AWS/OTA/source/ota_mqtt.c:1271:14:OTA_MQTT_strerror	0	static
C:/Users/bachirin/Desktop/AWS_gs/aws_poc_aed/Middleware/AWS/OTA/source/ota_mqtt.c:346:24:subscribeToJobNotificationTopics	40	static
C:/Users/bachirin/Desktop/AWS_gs/aws_poc_aed/Middleware/AWS/OTA/source/ota_mqtt.c:840:10:requestJob_Mqtt	400	static
C:/Users/bachirin/Desktop/AWS_gs/aws_poc_aed/Middleware/AWS/OTA/source/ota_mqtt.c:524:24:publishStatusMessage	344	static
C:/Users/bachirin/Desktop/AWS_gs/aws_poc_aed/Middleware/AWS/OTA/source/ota_mqtt.c:940:10:updateJobStatus_Mqtt	152	static
C:/Users/bachirin/Desktop/AWS_gs/aws_poc_aed/Middleware/AWS/OTA/source/ota_mqtt.c:1008:10:initFileTransfer_Mqtt	48	static
C:/Users/bachirin/Desktop/AWS_gs/aws_poc_aed/Middleware/AWS/OTA/source/ota_mqtt.c:1074:10:requestFileBlock_Mqtt	664	static
C:/Users/bachirin/Desktop/AWS_gs/aws_poc_aed/Middleware/AWS/OTA/source/ota_mqtt.c:465:24:unsubscribeFromJobNotificationTopic	200	static
C:/Users/bachirin/Desktop/AWS_gs/aws_poc_aed/Middleware/AWS/OTA/source/ota_mqtt.c:1218:10:cleanupControl_Mqtt	16	static
C:/Users/bachirin/Desktop/AWS_gs/aws_poc_aed/Middleware/AWS/OTA/source/ota_mqtt.c:404:24:unsubscribeFromDataStream	256	static
C:/Users/bachirin/Desktop/AWS_gs/aws_poc_aed/Middleware/AWS/OTA/source/ota_mqtt.c:1246:10:cleanupData_Mqtt	16	static
