C:/Users/bachirin/Desktop/AWS_gs/aws_poc_aed/Middleware/lwip/src/core/ipv4/icmp.c:340:1:icmp_send_response	48	static,ignoring_inline_asm
C:/Users/bachirin/Desktop/AWS_gs/aws_poc_aed/Middleware/lwip/src/core/ipv4/icmp.c:80:1:icmp_input	48	static,ignoring_inline_asm
C:/Users/bachirin/Desktop/AWS_gs/aws_poc_aed/Middleware/lwip/src/core/ipv4/icmp.c:308:1:icmp_dest_unreach	8	static
C:/Users/bachirin/Desktop/AWS_gs/aws_poc_aed/Middleware/lwip/src/core/ipv4/icmp.c:323:1:icmp_time_exceeded	8	static
