C:/Users/bachirin/Desktop/AWS_gs/aws_poc_aed/Middleware/FreeRTOS/coreJSON/source/core_json.c:277:16:hexToInt	0	static
C:/Users/bachirin/Desktop/AWS_gs/aws_poc_aed/Middleware/FreeRTOS/coreJSON/source/core_json.c:1571:20:getType	0	static
C:/Users/bachirin/Desktop/AWS_gs/aws_poc_aed/Middleware/FreeRTOS/coreJSON/source/core_json.c:319:13:skipOneHexEscape	32	static
C:/Users/bachirin/Desktop/AWS_gs/aws_poc_aed/Middleware/FreeRTOS/coreJSON/source/core_json.c:380:13:skipHexEscape	32	static
C:/Users/bachirin/Desktop/AWS_gs/aws_poc_aed/Middleware/FreeRTOS/coreJSON/source/core_json.c:432:13:skipEscape	16	static
C:/Users/bachirin/Desktop/AWS_gs/aws_poc_aed/Middleware/FreeRTOS/coreJSON/source/core_json.c:244:13:skipUTF8	8	static
C:/Users/bachirin/Desktop/AWS_gs/aws_poc_aed/Middleware/FreeRTOS/coreJSON/source/core_json.c:499:13:skipString	24	static
C:/Users/bachirin/Desktop/AWS_gs/aws_poc_aed/Middleware/FreeRTOS/coreJSON/source/core_json.c:564:13:strnEq	8	static
C:/Users/bachirin/Desktop/AWS_gs/aws_poc_aed/Middleware/FreeRTOS/coreJSON/source/core_json.c:595:13:skipLiteral	16	static
C:/Users/bachirin/Desktop/AWS_gs/aws_poc_aed/Middleware/FreeRTOS/coreJSON/source/core_json.c:629:13:skipAnyLiteral	24	static
C:/Users/bachirin/Desktop/AWS_gs/aws_poc_aed/Middleware/FreeRTOS/coreJSON/source/core_json.c:662:13:skipDigits	32	static
C:/Users/bachirin/Desktop/AWS_gs/aws_poc_aed/Middleware/FreeRTOS/coreJSON/source/core_json.c:718:13:skipDecimals	16	static
C:/Users/bachirin/Desktop/AWS_gs/aws_poc_aed/Middleware/FreeRTOS/coreJSON/source/core_json.c:746:13:skipExponent	16	static
C:/Users/bachirin/Desktop/AWS_gs/aws_poc_aed/Middleware/FreeRTOS/coreJSON/source/core_json.c:782:13:skipNumber	32	static
C:/Users/bachirin/Desktop/AWS_gs/aws_poc_aed/Middleware/FreeRTOS/coreJSON/source/core_json.c:838:13:skipAnyScalar	16	static
C:/Users/bachirin/Desktop/AWS_gs/aws_poc_aed/Middleware/FreeRTOS/coreJSON/source/core_json.c:64:13:skipSpace	8	static
C:/Users/bachirin/Desktop/AWS_gs/aws_poc_aed/Middleware/FreeRTOS/coreJSON/source/core_json.c:868:13:skipSpaceAndComma	24	static
C:/Users/bachirin/Desktop/AWS_gs/aws_poc_aed/Middleware/FreeRTOS/coreJSON/source/core_json.c:904:13:skipArrayScalars	24	static
C:/Users/bachirin/Desktop/AWS_gs/aws_poc_aed/Middleware/FreeRTOS/coreJSON/source/core_json.c:945:13:skipObjectScalars	24	static
C:/Users/bachirin/Desktop/AWS_gs/aws_poc_aed/Middleware/FreeRTOS/coreJSON/source/core_json.c:1002:13:skipScalars	24	static
C:/Users/bachirin/Desktop/AWS_gs/aws_poc_aed/Middleware/FreeRTOS/coreJSON/source/core_json.c:1039:21:skipCollection	64	static
C:/Users/bachirin/Desktop/AWS_gs/aws_poc_aed/Middleware/FreeRTOS/coreJSON/source/core_json.c:1181:13:nextValue	40	static
C:/Users/bachirin/Desktop/AWS_gs/aws_poc_aed/Middleware/FreeRTOS/coreJSON/source/core_json.c:1373:13:arraySearch	56	static
C:/Users/bachirin/Desktop/AWS_gs/aws_poc_aed/Middleware/FreeRTOS/coreJSON/source/core_json.c:1440:13:skipQueryPart	8	static
C:/Users/bachirin/Desktop/AWS_gs/aws_poc_aed/Middleware/FreeRTOS/coreJSON/source/core_json.c:1232:13:nextKeyValuePair	48	static
C:/Users/bachirin/Desktop/AWS_gs/aws_poc_aed/Middleware/FreeRTOS/coreJSON/source/core_json.c:1305:13:objectSearch	64	static
C:/Users/bachirin/Desktop/AWS_gs/aws_poc_aed/Middleware/FreeRTOS/coreJSON/source/core_json.c:1487:21:multiSearch	56	static
C:/Users/bachirin/Desktop/AWS_gs/aws_poc_aed/Middleware/FreeRTOS/coreJSON/source/core_json.c:1698:21:iterate	40	static
C:/Users/bachirin/Desktop/AWS_gs/aws_poc_aed/Middleware/FreeRTOS/coreJSON/source/core_json.c:1118:14:JSON_Validate	24	static
C:/Users/bachirin/Desktop/AWS_gs/aws_poc_aed/Middleware/FreeRTOS/coreJSON/source/core_json.c:1614:14:JSON_SearchConst	32	static
C:/Users/bachirin/Desktop/AWS_gs/aws_poc_aed/Middleware/FreeRTOS/coreJSON/source/core_json.c:1664:14:JSON_SearchT	24	static
C:/Users/bachirin/Desktop/AWS_gs/aws_poc_aed/Middleware/FreeRTOS/coreJSON/source/core_json.c:1755:14:JSON_Iterate	56	static
