C:/Users/bachirin/Desktop/AWS_gs/aws_poc_aed/Drivers/STM32U5xx_HAL/Src/stm32u5xx_hal_uart_ex.c:1060:13:UARTEx_Wakeup_AddressConfig	8	static
C:/Users/bachirin/Desktop/AWS_gs/aws_poc_aed/Drivers/STM32U5xx_HAL/Src/stm32u5xx_hal_uart_ex.c:1078:13:UARTEx_SetNbDataToProcess	8	static
C:/Users/bachirin/Desktop/AWS_gs/aws_poc_aed/Drivers/STM32U5xx_HAL/Src/stm32u5xx_hal_uart_ex.c:166:19:HAL_RS485Ex_Init	24	static
C:/Users/bachirin/Desktop/AWS_gs/aws_poc_aed/Drivers/STM32U5xx_HAL/Src/stm32u5xx_hal_uart_ex.c:269:13:HAL_UARTEx_RxFifoFullCallback	0	static
C:/Users/bachirin/Desktop/AWS_gs/aws_poc_aed/Drivers/STM32U5xx_HAL/Src/stm32u5xx_hal_uart_ex.c:284:13:HAL_UARTEx_TxFifoEmptyCallback	0	static
C:/Users/bachirin/Desktop/AWS_gs/aws_poc_aed/Drivers/STM32U5xx_HAL/Src/stm32u5xx_hal_uart_ex.c:369:19:HAL_MultiProcessorEx_AddressLength_Set	8	static
C:/Users/bachirin/Desktop/AWS_gs/aws_poc_aed/Drivers/STM32U5xx_HAL/Src/stm32u5xx_hal_uart_ex.c:406:19:HAL_UARTEx_StopModeWakeUpSourceConfig	24	static
C:/Users/bachirin/Desktop/AWS_gs/aws_poc_aed/Drivers/STM32U5xx_HAL/Src/stm32u5xx_hal_uart_ex.c:459:19:HAL_UARTEx_EnableStopMode	0	static,ignoring_inline_asm
C:/Users/bachirin/Desktop/AWS_gs/aws_poc_aed/Drivers/STM32U5xx_HAL/Src/stm32u5xx_hal_uart_ex.c:478:19:HAL_UARTEx_DisableStopMode	0	static,ignoring_inline_asm
C:/Users/bachirin/Desktop/AWS_gs/aws_poc_aed/Drivers/STM32U5xx_HAL/Src/stm32u5xx_hal_uart_ex.c:497:19:HAL_UARTEx_EnableFifoMode	8	static
C:/Users/bachirin/Desktop/AWS_gs/aws_poc_aed/Drivers/STM32U5xx_HAL/Src/stm32u5xx_hal_uart_ex.c:538:19:HAL_UARTEx_DisableFifoMode	0	static
C:/Users/bachirin/Desktop/AWS_gs/aws_poc_aed/Drivers/STM32U5xx_HAL/Src/stm32u5xx_hal_uart_ex.c:584:19:HAL_UARTEx_SetTxFifoThreshold	16	static
C:/Users/bachirin/Desktop/AWS_gs/aws_poc_aed/Drivers/STM32U5xx_HAL/Src/stm32u5xx_hal_uart_ex.c:633:19:HAL_UARTEx_SetRxFifoThreshold	16	static
C:/Users/bachirin/Desktop/AWS_gs/aws_poc_aed/Drivers/STM32U5xx_HAL/Src/stm32u5xx_hal_uart_ex.c:690:19:HAL_UARTEx_ReceiveToIdle	32	static
C:/Users/bachirin/Desktop/AWS_gs/aws_poc_aed/Drivers/STM32U5xx_HAL/Src/stm32u5xx_hal_uart_ex.c:815:19:HAL_UARTEx_ReceiveToIdle_IT	8	static,ignoring_inline_asm
C:/Users/bachirin/Desktop/AWS_gs/aws_poc_aed/Drivers/STM32U5xx_HAL/Src/stm32u5xx_hal_uart_ex.c:877:19:HAL_UARTEx_ReceiveToIdle_DMA	8	static,ignoring_inline_asm
C:/Users/bachirin/Desktop/AWS_gs/aws_poc_aed/Drivers/STM32U5xx_HAL/Src/stm32u5xx_hal_uart_ex.c:928:19:HAL_UARTEx_SetConfigAutonomousMode	4	static
C:/Users/bachirin/Desktop/AWS_gs/aws_poc_aed/Drivers/STM32U5xx_HAL/Src/stm32u5xx_hal_uart_ex.c:990:19:HAL_UARTEx_GetConfigAutonomousMode	0	static
C:/Users/bachirin/Desktop/AWS_gs/aws_poc_aed/Drivers/STM32U5xx_HAL/Src/stm32u5xx_hal_uart_ex.c:1012:19:HAL_UARTEx_ClearConfigAutonomousMode	0	static
