C:/Users/bachirin/Desktop/AWS_gs/aws_poc_aed/Drivers/STM32U5xx_HAL/Src/stm32u5xx_hal_dma_ex.c:3647:13:DMA_List_Init	0	static
C:/Users/bachirin/Desktop/AWS_gs/aws_poc_aed/Drivers/STM32U5xx_HAL/Src/stm32u5xx_hal_dma_ex.c:3700:13:DMA_List_BuildNode	4	static
C:/Users/bachirin/Desktop/AWS_gs/aws_poc_aed/Drivers/STM32U5xx_HAL/Src/stm32u5xx_hal_dma_ex.c:3919:13:DMA_List_GetNodeConfig	4	static
C:/Users/bachirin/Desktop/AWS_gs/aws_poc_aed/Drivers/STM32U5xx_HAL/Src/stm32u5xx_hal_dma_ex.c:4080:17:DMA_List_CheckNodesBaseAddresses	0	static
C:/Users/bachirin/Desktop/AWS_gs/aws_poc_aed/Drivers/STM32U5xx_HAL/Src/stm32u5xx_hal_dma_ex.c:4123:17:DMA_List_CheckNodesTypes	0	static
C:/Users/bachirin/Desktop/AWS_gs/aws_poc_aed/Drivers/STM32U5xx_HAL/Src/stm32u5xx_hal_dma_ex.c:4180:13:DMA_List_GetCLLRNodeInfo	0	static
C:/Users/bachirin/Desktop/AWS_gs/aws_poc_aed/Drivers/STM32U5xx_HAL/Src/stm32u5xx_hal_dma_ex.c:4224:17:DMA_List_FindNode	12	static
C:/Users/bachirin/Desktop/AWS_gs/aws_poc_aed/Drivers/STM32U5xx_HAL/Src/stm32u5xx_hal_dma_ex.c:4316:13:DMA_List_ResetQueueNodes	8	static
C:/Users/bachirin/Desktop/AWS_gs/aws_poc_aed/Drivers/STM32U5xx_HAL/Src/stm32u5xx_hal_dma_ex.c:4359:13:DMA_List_FillNode	0	static
C:/Users/bachirin/Desktop/AWS_gs/aws_poc_aed/Drivers/STM32U5xx_HAL/Src/stm32u5xx_hal_dma_ex.c:4494:13:DMA_List_FormatNode	4	static
C:/Users/bachirin/Desktop/AWS_gs/aws_poc_aed/Drivers/STM32U5xx_HAL/Src/stm32u5xx_hal_dma_ex.c:4444:13:DMA_List_ConvertNodeToStatic	64	static
C:/Users/bachirin/Desktop/AWS_gs/aws_poc_aed/Drivers/STM32U5xx_HAL/Src/stm32u5xx_hal_dma_ex.c:4524:13:DMA_List_ClearUnusedFields	0	static
C:/Users/bachirin/Desktop/AWS_gs/aws_poc_aed/Drivers/STM32U5xx_HAL/Src/stm32u5xx_hal_dma_ex.c:4379:13:DMA_List_ConvertNodeToDynamic	64	static
C:/Users/bachirin/Desktop/AWS_gs/aws_poc_aed/Drivers/STM32U5xx_HAL/Src/stm32u5xx_hal_dma_ex.c:4540:13:DMA_List_UpdateDynamicQueueNodesCLLR	32	static
C:/Users/bachirin/Desktop/AWS_gs/aws_poc_aed/Drivers/STM32U5xx_HAL/Src/stm32u5xx_hal_dma_ex.c:4616:13:DMA_List_UpdateStaticQueueNodesCLLR	32	static
C:/Users/bachirin/Desktop/AWS_gs/aws_poc_aed/Drivers/STM32U5xx_HAL/Src/stm32u5xx_hal_dma_ex.c:4670:13:DMA_List_CleanQueue	0	static
C:/Users/bachirin/Desktop/AWS_gs/aws_poc_aed/Drivers/STM32U5xx_HAL/Src/stm32u5xx_hal_dma_ex.c:601:19:HAL_DMAEx_List_Init	16	static
C:/Users/bachirin/Desktop/AWS_gs/aws_poc_aed/Drivers/STM32U5xx_HAL/Src/stm32u5xx_hal_dma_ex.c:670:19:HAL_DMAEx_List_DeInit	16	static
C:/Users/bachirin/Desktop/AWS_gs/aws_poc_aed/Drivers/STM32U5xx_HAL/Src/stm32u5xx_hal_dma_ex.c:807:19:HAL_DMAEx_List_Start	16	static
C:/Users/bachirin/Desktop/AWS_gs/aws_poc_aed/Drivers/STM32U5xx_HAL/Src/stm32u5xx_hal_dma_ex.c:869:19:HAL_DMAEx_List_Start_IT	16	static
C:/Users/bachirin/Desktop/AWS_gs/aws_poc_aed/Drivers/STM32U5xx_HAL/Src/stm32u5xx_hal_dma_ex.c:1035:19:HAL_DMAEx_List_BuildNode	8	static
C:/Users/bachirin/Desktop/AWS_gs/aws_poc_aed/Drivers/STM32U5xx_HAL/Src/stm32u5xx_hal_dma_ex.c:1109:19:HAL_DMAEx_List_GetNodeConfig	8	static
C:/Users/bachirin/Desktop/AWS_gs/aws_poc_aed/Drivers/STM32U5xx_HAL/Src/stm32u5xx_hal_dma_ex.c:1133:19:HAL_DMAEx_List_InsertNode	56	static
C:/Users/bachirin/Desktop/AWS_gs/aws_poc_aed/Drivers/STM32U5xx_HAL/Src/stm32u5xx_hal_dma_ex.c:1263:19:HAL_DMAEx_List_InsertNode_Head	24	static
C:/Users/bachirin/Desktop/AWS_gs/aws_poc_aed/Drivers/STM32U5xx_HAL/Src/stm32u5xx_hal_dma_ex.c:1342:19:HAL_DMAEx_List_InsertNode_Tail	48	static
C:/Users/bachirin/Desktop/AWS_gs/aws_poc_aed/Drivers/STM32U5xx_HAL/Src/stm32u5xx_hal_dma_ex.c:1429:19:HAL_DMAEx_List_RemoveNode	40	static
C:/Users/bachirin/Desktop/AWS_gs/aws_poc_aed/Drivers/STM32U5xx_HAL/Src/stm32u5xx_hal_dma_ex.c:1570:19:HAL_DMAEx_List_RemoveNode_Head	32	static
C:/Users/bachirin/Desktop/AWS_gs/aws_poc_aed/Drivers/STM32U5xx_HAL/Src/stm32u5xx_hal_dma_ex.c:1667:19:HAL_DMAEx_List_RemoveNode_Tail	32	static
C:/Users/bachirin/Desktop/AWS_gs/aws_poc_aed/Drivers/STM32U5xx_HAL/Src/stm32u5xx_hal_dma_ex.c:1762:19:HAL_DMAEx_List_ReplaceNode	56	static
C:/Users/bachirin/Desktop/AWS_gs/aws_poc_aed/Drivers/STM32U5xx_HAL/Src/stm32u5xx_hal_dma_ex.c:1925:19:HAL_DMAEx_List_ReplaceNode_Head	48	static
C:/Users/bachirin/Desktop/AWS_gs/aws_poc_aed/Drivers/STM32U5xx_HAL/Src/stm32u5xx_hal_dma_ex.c:2022:19:HAL_DMAEx_List_ReplaceNode_Tail	48	static
C:/Users/bachirin/Desktop/AWS_gs/aws_poc_aed/Drivers/STM32U5xx_HAL/Src/stm32u5xx_hal_dma_ex.c:2113:19:HAL_DMAEx_List_ResetQ	32	static
C:/Users/bachirin/Desktop/AWS_gs/aws_poc_aed/Drivers/STM32U5xx_HAL/Src/stm32u5xx_hal_dma_ex.c:2185:19:HAL_DMAEx_List_InsertQ	72	static
C:/Users/bachirin/Desktop/AWS_gs/aws_poc_aed/Drivers/STM32U5xx_HAL/Src/stm32u5xx_hal_dma_ex.c:2393:19:HAL_DMAEx_List_InsertQ_Head	72	static
C:/Users/bachirin/Desktop/AWS_gs/aws_poc_aed/Drivers/STM32U5xx_HAL/Src/stm32u5xx_hal_dma_ex.c:2530:19:HAL_DMAEx_List_InsertQ_Tail	72	static
C:/Users/bachirin/Desktop/AWS_gs/aws_poc_aed/Drivers/STM32U5xx_HAL/Src/stm32u5xx_hal_dma_ex.c:2666:19:HAL_DMAEx_List_SetCircularModeConfig	48	static
C:/Users/bachirin/Desktop/AWS_gs/aws_poc_aed/Drivers/STM32U5xx_HAL/Src/stm32u5xx_hal_dma_ex.c:2761:19:HAL_DMAEx_List_SetCircularMode	48	static
C:/Users/bachirin/Desktop/AWS_gs/aws_poc_aed/Drivers/STM32U5xx_HAL/Src/stm32u5xx_hal_dma_ex.c:2844:19:HAL_DMAEx_List_ClearCircularMode	40	static
C:/Users/bachirin/Desktop/AWS_gs/aws_poc_aed/Drivers/STM32U5xx_HAL/Src/stm32u5xx_hal_dma_ex.c:2915:19:HAL_DMAEx_List_ConvertQToDynamic	80	static
C:/Users/bachirin/Desktop/AWS_gs/aws_poc_aed/Drivers/STM32U5xx_HAL/Src/stm32u5xx_hal_dma_ex.c:3017:19:HAL_DMAEx_List_ConvertQToStatic	56	static
C:/Users/bachirin/Desktop/AWS_gs/aws_poc_aed/Drivers/STM32U5xx_HAL/Src/stm32u5xx_hal_dma_ex.c:3094:19:HAL_DMAEx_List_LinkQ	0	static
C:/Users/bachirin/Desktop/AWS_gs/aws_poc_aed/Drivers/STM32U5xx_HAL/Src/stm32u5xx_hal_dma_ex.c:3175:19:HAL_DMAEx_List_UnLinkQ	0	static
C:/Users/bachirin/Desktop/AWS_gs/aws_poc_aed/Drivers/STM32U5xx_HAL/Src/stm32u5xx_hal_dma_ex.c:3245:19:HAL_DMAEx_ConfigDataHandling	0	static
C:/Users/bachirin/Desktop/AWS_gs/aws_poc_aed/Drivers/STM32U5xx_HAL/Src/stm32u5xx_hal_dma_ex.c:3285:19:HAL_DMAEx_ConfigTrigger	4	static
C:/Users/bachirin/Desktop/AWS_gs/aws_poc_aed/Drivers/STM32U5xx_HAL/Src/stm32u5xx_hal_dma_ex.c:3330:19:HAL_DMAEx_ConfigRepeatBlock	0	static
C:/Users/bachirin/Desktop/AWS_gs/aws_poc_aed/Drivers/STM32U5xx_HAL/Src/stm32u5xx_hal_dma_ex.c:3469:19:HAL_DMAEx_Suspend	16	static
C:/Users/bachirin/Desktop/AWS_gs/aws_poc_aed/Drivers/STM32U5xx_HAL/Src/stm32u5xx_hal_dma_ex.c:3528:19:HAL_DMAEx_Suspend_IT	0	static
C:/Users/bachirin/Desktop/AWS_gs/aws_poc_aed/Drivers/STM32U5xx_HAL/Src/stm32u5xx_hal_dma_ex.c:3562:19:HAL_DMAEx_Resume	0	static
C:/Users/bachirin/Desktop/AWS_gs/aws_poc_aed/Drivers/STM32U5xx_HAL/Src/stm32u5xx_hal_dma_ex.c:3623:10:HAL_DMAEx_GetFifoLevel	0	static
