C:/Users/bachirin/Desktop/AWS_gs/aws_poc_aed/Middleware/lwip/src/netif/slipif.c:207:1:slipif_rxbyte	24	static,ignoring_inline_asm
C:/Users/bachirin/Desktop/AWS_gs/aws_poc_aed/Middleware/lwip/src/netif/slipif.c:310:1:slipif_rxbyte_input	16	static
C:/Users/bachirin/Desktop/AWS_gs/aws_poc_aed/Middleware/lwip/src/netif/slipif.c:330:1:slipif_loop_thread	24	static
C:/Users/bachirin/Desktop/AWS_gs/aws_poc_aed/Middleware/lwip/src/netif/slipif.c:116:1:slipif_output	24	static,ignoring_inline_asm
C:/Users/bachirin/Desktop/AWS_gs/aws_poc_aed/Middleware/lwip/src/netif/slipif.c:172:1:slipif_output_v4	8	static
C:/Users/bachirin/Desktop/AWS_gs/aws_poc_aed/Middleware/lwip/src/netif/slipif.c:360:1:slipif_init	24	static,ignoring_inline_asm
C:/Users/bachirin/Desktop/AWS_gs/aws_poc_aed/Middleware/lwip/src/netif/slipif.c:426:1:slipif_poll	32	static,ignoring_inline_asm
