C:/Users/bachirin/Desktop/AWS_gs/aws_poc_aed/Drivers/BSP/B-U585I-IOT02A/b_u585i_iot02a_audio.c:401:9:BSP_AUDIO_IN_Record	24	static
C:/Users/bachirin/Desktop/AWS_gs/aws_poc_aed/Drivers/BSP/B-U585I-IOT02A/b_u585i_iot02a_audio.c:531:9:BSP_AUDIO_IN_Pause	16	static
C:/Users/bachirin/Desktop/AWS_gs/aws_poc_aed/Drivers/BSP/B-U585I-IOT02A/b_u585i_iot02a_audio.c:580:9:BSP_AUDIO_IN_Resume	16	static
C:/Users/bachirin/Desktop/AWS_gs/aws_poc_aed/Drivers/BSP/B-U585I-IOT02A/b_u585i_iot02a_audio.c:634:9:BSP_AUDIO_IN_Stop	16	static
C:/Users/bachirin/Desktop/AWS_gs/aws_poc_aed/Drivers/BSP/B-U585I-IOT02A/b_u585i_iot02a_audio.c:689:9:BSP_AUDIO_IN_SetVolume	0	static
C:/Users/bachirin/Desktop/AWS_gs/aws_poc_aed/Drivers/BSP/B-U585I-IOT02A/b_u585i_iot02a_audio.c:710:9:BSP_AUDIO_IN_GetVolume	0	static
C:/Users/bachirin/Desktop/AWS_gs/aws_poc_aed/Drivers/BSP/B-U585I-IOT02A/b_u585i_iot02a_audio.c:732:9:BSP_AUDIO_IN_SetSampleRate	0	static
C:/Users/bachirin/Desktop/AWS_gs/aws_poc_aed/Drivers/BSP/B-U585I-IOT02A/b_u585i_iot02a_audio.c:773:9:BSP_AUDIO_IN_GetSampleRate	0	static
C:/Users/bachirin/Desktop/AWS_gs/aws_poc_aed/Drivers/BSP/B-U585I-IOT02A/b_u585i_iot02a_audio.c:800:9:BSP_AUDIO_IN_SetDevice	0	static
C:/Users/bachirin/Desktop/AWS_gs/aws_poc_aed/Drivers/BSP/B-U585I-IOT02A/b_u585i_iot02a_audio.c:828:9:BSP_AUDIO_IN_GetDevice	0	static
C:/Users/bachirin/Desktop/AWS_gs/aws_poc_aed/Drivers/BSP/B-U585I-IOT02A/b_u585i_iot02a_audio.c:855:9:BSP_AUDIO_IN_SetBitsPerSample	0	static
C:/Users/bachirin/Desktop/AWS_gs/aws_poc_aed/Drivers/BSP/B-U585I-IOT02A/b_u585i_iot02a_audio.c:885:9:BSP_AUDIO_IN_GetBitsPerSample	0	static
C:/Users/bachirin/Desktop/AWS_gs/aws_poc_aed/Drivers/BSP/B-U585I-IOT02A/b_u585i_iot02a_audio.c:912:9:BSP_AUDIO_IN_SetChannelsNbr	0	static
C:/Users/bachirin/Desktop/AWS_gs/aws_poc_aed/Drivers/BSP/B-U585I-IOT02A/b_u585i_iot02a_audio.c:940:9:BSP_AUDIO_IN_GetChannelsNbr	0	static
C:/Users/bachirin/Desktop/AWS_gs/aws_poc_aed/Drivers/BSP/B-U585I-IOT02A/b_u585i_iot02a_audio.c:967:9:BSP_AUDIO_IN_GetState	0	static
C:/Users/bachirin/Desktop/AWS_gs/aws_poc_aed/Drivers/BSP/B-U585I-IOT02A/b_u585i_iot02a_audio.c:1097:13:BSP_AUDIO_IN_TransferComplete_CallBack	0	static
C:/Users/bachirin/Desktop/AWS_gs/aws_poc_aed/Drivers/BSP/B-U585I-IOT02A/b_u585i_iot02a_audio.c:1108:13:BSP_AUDIO_IN_HalfTransfer_CallBack	0	static
C:/Users/bachirin/Desktop/AWS_gs/aws_poc_aed/Drivers/BSP/B-U585I-IOT02A/b_u585i_iot02a_audio.c:1119:13:BSP_AUDIO_IN_Error_CallBack	0	static
C:/Users/bachirin/Desktop/AWS_gs/aws_poc_aed/Drivers/BSP/B-U585I-IOT02A/b_u585i_iot02a_audio.c:1158:13:MDF_BlockMspInit	200	static
C:/Users/bachirin/Desktop/AWS_gs/aws_poc_aed/Drivers/BSP/B-U585I-IOT02A/b_u585i_iot02a_audio.c:1390:13:MDF_BlockMspDeInit	8	static
C:/Users/bachirin/Desktop/AWS_gs/aws_poc_aed/Drivers/BSP/B-U585I-IOT02A/b_u585i_iot02a_audio.c:338:9:BSP_AUDIO_IN_DeInit	16	static
C:/Users/bachirin/Desktop/AWS_gs/aws_poc_aed/Drivers/BSP/B-U585I-IOT02A/b_u585i_iot02a_audio.c:1131:6:BSP_AUDIO_IN_IRQHandler	8	static
C:/Users/bachirin/Desktop/AWS_gs/aws_poc_aed/Drivers/BSP/B-U585I-IOT02A/b_u585i_iot02a_audio.c:1500:6:HAL_MDF_AcqCpltCallback	8	static
C:/Users/bachirin/Desktop/AWS_gs/aws_poc_aed/Drivers/BSP/B-U585I-IOT02A/b_u585i_iot02a_audio.c:1518:6:HAL_MDF_AcqHalfCpltCallback	8	static
C:/Users/bachirin/Desktop/AWS_gs/aws_poc_aed/Drivers/BSP/B-U585I-IOT02A/b_u585i_iot02a_audio.c:1537:6:HAL_MDF_ErrorCallback	8	static
C:/Users/bachirin/Desktop/AWS_gs/aws_poc_aed/Drivers/BSP/B-U585I-IOT02A/b_u585i_iot02a_audio.c:1551:26:MX_MDF1_ClockConfig	208	static
C:/Users/bachirin/Desktop/AWS_gs/aws_poc_aed/Drivers/BSP/B-U585I-IOT02A/b_u585i_iot02a_audio.c:1597:26:MX_MDF1_Init	8	static
C:/Users/bachirin/Desktop/AWS_gs/aws_poc_aed/Drivers/BSP/B-U585I-IOT02A/b_u585i_iot02a_audio.c:178:9:BSP_AUDIO_IN_Init	56	static
