C:/Users/bachirin/Desktop/AWS_gs/aws_poc_aed/Middleware/FreeRTOS/coreMQTT-Agent/source/core_mqtt_agent.c:622:29:getAgentFromMQTTContext	0	static
C:/Users/bachirin/Desktop/AWS_gs/aws_poc_aed/Middleware/FreeRTOS/coreMQTT-Agent/source/core_mqtt_agent.c:878:13:validateStruct	16	static
C:/Users/bachirin/Desktop/AWS_gs/aws_poc_aed/Middleware/FreeRTOS/coreMQTT-Agent/source/core_mqtt_agent.c:376:29:getAwaitingOperation	16	static
C:/Users/bachirin/Desktop/AWS_gs/aws_poc_aed/Middleware/FreeRTOS/coreMQTT-Agent/source/core_mqtt_agent.c:762:13:concludeCommand	32	static
C:/Users/bachirin/Desktop/AWS_gs/aws_poc_aed/Middleware/FreeRTOS/coreMQTT-Agent/source/core_mqtt_agent.c:597:13:handleAcks	8	static
C:/Users/bachirin/Desktop/AWS_gs/aws_poc_aed/Middleware/FreeRTOS/coreMQTT-Agent/source/core_mqtt_agent.c:631:13:mqttEventCallback	32	static
C:/Users/bachirin/Desktop/AWS_gs/aws_poc_aed/Middleware/FreeRTOS/coreMQTT-Agent/source/core_mqtt_agent.c:308:21:addAwaitingOperation	24	static
C:/Users/bachirin/Desktop/AWS_gs/aws_poc_aed/Middleware/FreeRTOS/coreMQTT-Agent/source/core_mqtt_agent.c:838:13:clearPendingAcknowledgments	32	static
C:/Users/bachirin/Desktop/AWS_gs/aws_poc_aed/Middleware/FreeRTOS/coreMQTT-Agent/source/core_mqtt_agent.c:908:13:validateParams	8	static
C:/Users/bachirin/Desktop/AWS_gs/aws_poc_aed/Middleware/FreeRTOS/coreMQTT-Agent/source/core_mqtt_agent.c:281:13:isSpaceInPendingAckList	8	static
C:/Users/bachirin/Desktop/AWS_gs/aws_poc_aed/Middleware/FreeRTOS/coreMQTT-Agent/source/core_mqtt_agent.c:417:21:createCommand	32	static
C:/Users/bachirin/Desktop/AWS_gs/aws_poc_aed/Middleware/FreeRTOS/coreMQTT-Agent/source/core_mqtt_agent.c:508:21:addCommandToQueue	16	static
C:/Users/bachirin/Desktop/AWS_gs/aws_poc_aed/Middleware/FreeRTOS/coreMQTT-Agent/source/core_mqtt_agent.c:702:21:createAndAddCommand	32	static
C:/Users/bachirin/Desktop/AWS_gs/aws_poc_aed/Middleware/FreeRTOS/coreMQTT-Agent/source/core_mqtt_agent.c:531:21:processCommand	72	static
C:/Users/bachirin/Desktop/AWS_gs/aws_poc_aed/Middleware/FreeRTOS/coreMQTT-Agent/source/core_mqtt_agent.c:795:21:resendPublishes	40	static
C:/Users/bachirin/Desktop/AWS_gs/aws_poc_aed/Middleware/FreeRTOS/coreMQTT-Agent/source/core_mqtt_agent.c:946:14:MQTTAgent_Init	32	static
C:/Users/bachirin/Desktop/AWS_gs/aws_poc_aed/Middleware/FreeRTOS/coreMQTT-Agent/source/core_mqtt_agent.c:996:14:MQTTAgent_CommandLoop	32	static
C:/Users/bachirin/Desktop/AWS_gs/aws_poc_aed/Middleware/FreeRTOS/coreMQTT-Agent/source/core_mqtt_agent.c:1038:14:MQTTAgent_ResumeSession	8	static
C:/Users/bachirin/Desktop/AWS_gs/aws_poc_aed/Middleware/FreeRTOS/coreMQTT-Agent/source/core_mqtt_agent.c:1081:14:MQTTAgent_CancelAll	32	static
C:/Users/bachirin/Desktop/AWS_gs/aws_poc_aed/Middleware/FreeRTOS/coreMQTT-Agent/source/core_mqtt_agent.c:1130:14:MQTTAgent_Subscribe	24	static
C:/Users/bachirin/Desktop/AWS_gs/aws_poc_aed/Middleware/FreeRTOS/coreMQTT-Agent/source/core_mqtt_agent.c:1155:14:MQTTAgent_Unsubscribe	24	static
C:/Users/bachirin/Desktop/AWS_gs/aws_poc_aed/Middleware/FreeRTOS/coreMQTT-Agent/source/core_mqtt_agent.c:1180:14:MQTTAgent_Publish	24	static
C:/Users/bachirin/Desktop/AWS_gs/aws_poc_aed/Middleware/FreeRTOS/coreMQTT-Agent/source/core_mqtt_agent.c:1205:14:MQTTAgent_ProcessLoop	24	static
C:/Users/bachirin/Desktop/AWS_gs/aws_poc_aed/Middleware/FreeRTOS/coreMQTT-Agent/source/core_mqtt_agent.c:1228:14:MQTTAgent_Connect	24	static
C:/Users/bachirin/Desktop/AWS_gs/aws_poc_aed/Middleware/FreeRTOS/coreMQTT-Agent/source/core_mqtt_agent.c:1253:14:MQTTAgent_Disconnect	24	static
C:/Users/bachirin/Desktop/AWS_gs/aws_poc_aed/Middleware/FreeRTOS/coreMQTT-Agent/source/core_mqtt_agent.c:1276:14:MQTTAgent_Ping	24	static
C:/Users/bachirin/Desktop/AWS_gs/aws_poc_aed/Middleware/FreeRTOS/coreMQTT-Agent/source/core_mqtt_agent.c:1299:14:MQTTAgent_Terminate	24	static
