C:/Users/bachirin/Desktop/AWS_gs/aws_poc_aed/Middleware/ARM/mbedtls/library/ripemd160.c:47:6:mbedtls_ripemd160_init	8	static
C:/Users/bachirin/Desktop/AWS_gs/aws_poc_aed/Middleware/ARM/mbedtls/library/ripemd160.c:52:6:mbedtls_ripemd160_free	8	static
C:/Users/bachirin/Desktop/AWS_gs/aws_poc_aed/Middleware/ARM/mbedtls/library/ripemd160.c:60:6:mbedtls_ripemd160_clone	8	static
C:/Users/bachirin/Desktop/AWS_gs/aws_poc_aed/Middleware/ARM/mbedtls/library/ripemd160.c:69:5:mbedtls_ripemd160_starts	0	static
C:/Users/bachirin/Desktop/AWS_gs/aws_poc_aed/Middleware/ARM/mbedtls/library/ripemd160.c:87:5:mbedtls_internal_ripemd160_process	216	static
C:/Users/bachirin/Desktop/AWS_gs/aws_poc_aed/Middleware/ARM/mbedtls/library/ripemd160.c:285:5:mbedtls_ripemd160_update	32	static
C:/Users/bachirin/Desktop/AWS_gs/aws_poc_aed/Middleware/ARM/mbedtls/library/ripemd160.c:345:5:mbedtls_ripemd160_finish	24	static
C:/Users/bachirin/Desktop/AWS_gs/aws_poc_aed/Middleware/ARM/mbedtls/library/ripemd160.c:385:5:mbedtls_ripemd160	120	static
