../Middlewares/ST/STM32_AI_Runtime/network.c:476:9:ai_network_get_info	152	static
../Middlewares/ST/STM32_AI_Runtime/network.c:522:9:ai_network_get_report	152	static
../Middlewares/ST/STM32_AI_Runtime/network.c:568:10:ai_network_get_error	8	static
../Middlewares/ST/STM32_AI_Runtime/network.c:574:10:ai_network_create	16	static
../Middlewares/ST/STM32_AI_Runtime/network.c:618:12:ai_network_inputs_get	8	static
../Middlewares/ST/STM32_AI_Runtime/network.c:628:12:ai_network_outputs_get	8	static
../Middlewares/ST/STM32_AI_Runtime/network.c:638:11:ai_network_destroy	8	static
../Middlewares/ST/STM32_AI_Runtime/network.c:644:9:ai_network_init	24	static
../Middlewares/ST/STM32_AI_Runtime/network.c:584:10:ai_network_create_and_init	80	static
../Middlewares/ST/STM32_AI_Runtime/network.c:661:8:ai_network_run	8	static
../Middlewares/ST/STM32_AI_Runtime/network.c:668:8:ai_network_forward	8	static
