C:/Users/bachirin/Desktop/AWS_gs/aws_poc_aed/Middleware/tinycbor/src/cborpretty.c:180:13:printRecursionLimit	8	static
C:/Users/bachirin/Desktop/AWS_gs/aws_poc_aed/Middleware/tinycbor/src/cborpretty.c:185:18:hexDump	24	static
C:/Users/bachirin/Desktop/AWS_gs/aws_poc_aed/Middleware/tinycbor/src/cborpretty.c:197:18:utf8EscapedDump	24	static
C:/Users/bachirin/Desktop/AWS_gs/aws_poc_aed/Middleware/tinycbor/src/cborpretty.c:258:20:resolve_indicator	48	static
C:/Users/bachirin/Desktop/AWS_gs/aws_poc_aed/Middleware/tinycbor/src/cborpretty.c:303:20:get_indicator	8	static
C:/Users/bachirin/Desktop/AWS_gs/aws_poc_aed/Middleware/tinycbor/src/cborpretty.c:339:18:value_to_pretty	104	static
C:/Users/bachirin/Desktop/AWS_gs/aws_poc_aed/Middleware/tinycbor/src/cborpretty.c:309:18:container_to_pretty	40	static
C:/Users/bachirin/Desktop/AWS_gs/aws_poc_aed/Middleware/tinycbor/src/cborpretty.c:574:11:cbor_value_to_pretty_stream	16	static
