C:/Users/bachirin/Desktop/AWS_gs/aws_poc_aed/Projects/Common/app/Target/app_tof.c:110:13:MX_VL53L5CX_SimpleRanging_Init	8	static
C:/Users/bachirin/Desktop/AWS_gs/aws_poc_aed/Projects/Common/app/Target/app_tof.c:74:6:MX_TOF_Init	8	static
C:/Users/bachirin/Desktop/AWS_gs/aws_poc_aed/Projects/Common/app/Target/app_tof.c:194:10:MX_VL53L5CX_SimpleRanging_Process	24	static
C:/Users/bachirin/Desktop/AWS_gs/aws_poc_aed/Projects/Common/app/Target/app_tof.c:96:6:MX_TOF_Process	8	static
C:/Users/bachirin/Desktop/AWS_gs/aws_poc_aed/Projects/Common/app/Target/app_tof.c:255:6:toggle_resolution	8	static
C:/Users/bachirin/Desktop/AWS_gs/aws_poc_aed/Projects/Common/app/Target/app_tof.c:285:6:toggle_signal_and_ambient	8	static
C:/Users/bachirin/Desktop/AWS_gs/aws_poc_aed/Projects/Common/app/Target/app_tof.c:296:6:clear_screen	8	static
C:/Users/bachirin/Desktop/AWS_gs/aws_poc_aed/Projects/Common/app/Target/app_tof.c:302:6:display_commands_banner	8	static
C:/Users/bachirin/Desktop/AWS_gs/aws_poc_aed/Projects/Common/app/Target/app_tof.c:322:6:handle_cmd	8	static
