C:/Users/bachirin/Desktop/AWS_gs/aws_poc_aed/Projects/Common/app/Target/custom_ranging_sensor.c:556:13:reset_device	8	static
C:/Users/bachirin/Desktop/AWS_gs/aws_poc_aed/Projects/Common/app/Target/custom_ranging_sensor.c:505:16:VL53L5CX_Probe	40	static
C:/Users/bachirin/Desktop/AWS_gs/aws_poc_aed/Projects/Common/app/Target/custom_ranging_sensor.c:40:9:CUSTOM_RANGING_SENSOR_Init	56	static
C:/Users/bachirin/Desktop/AWS_gs/aws_poc_aed/Projects/Common/app/Target/custom_ranging_sensor.c:161:9:CUSTOM_RANGING_SENSOR_DeInit	8	static
C:/Users/bachirin/Desktop/AWS_gs/aws_poc_aed/Projects/Common/app/Target/custom_ranging_sensor.c:187:9:CUSTOM_RANGING_SENSOR_ReadID	8	static
C:/Users/bachirin/Desktop/AWS_gs/aws_poc_aed/Projects/Common/app/Target/custom_ranging_sensor.c:214:9:CUSTOM_RANGING_SENSOR_GetCapabilities	8	static
C:/Users/bachirin/Desktop/AWS_gs/aws_poc_aed/Projects/Common/app/Target/custom_ranging_sensor.c:240:9:CUSTOM_RANGING_SENSOR_ConfigProfile	8	static
C:/Users/bachirin/Desktop/AWS_gs/aws_poc_aed/Projects/Common/app/Target/custom_ranging_sensor.c:267:9:CUSTOM_RANGING_SENSOR_ConfigROI	8	static
C:/Users/bachirin/Desktop/AWS_gs/aws_poc_aed/Projects/Common/app/Target/custom_ranging_sensor.c:298:9:CUSTOM_RANGING_SENSOR_ConfigIT	8	static
C:/Users/bachirin/Desktop/AWS_gs/aws_poc_aed/Projects/Common/app/Target/custom_ranging_sensor.c:324:9:CUSTOM_RANGING_SENSOR_GetDistance	8	static
C:/Users/bachirin/Desktop/AWS_gs/aws_poc_aed/Projects/Common/app/Target/custom_ranging_sensor.c:350:9:CUSTOM_RANGING_SENSOR_Start	8	static
C:/Users/bachirin/Desktop/AWS_gs/aws_poc_aed/Projects/Common/app/Target/custom_ranging_sensor.c:375:9:CUSTOM_RANGING_SENSOR_Stop	8	static
C:/Users/bachirin/Desktop/AWS_gs/aws_poc_aed/Projects/Common/app/Target/custom_ranging_sensor.c:401:9:CUSTOM_RANGING_SENSOR_SetAddress	8	static
C:/Users/bachirin/Desktop/AWS_gs/aws_poc_aed/Projects/Common/app/Target/custom_ranging_sensor.c:427:9:CUSTOM_RANGING_SENSOR_GetAddress	8	static
C:/Users/bachirin/Desktop/AWS_gs/aws_poc_aed/Projects/Common/app/Target/custom_ranging_sensor.c:453:9:CUSTOM_RANGING_SENSOR_SetPowerMode	8	static
C:/Users/bachirin/Desktop/AWS_gs/aws_poc_aed/Projects/Common/app/Target/custom_ranging_sensor.c:479:9:CUSTOM_RANGING_SENSOR_GetPowerMode	8	static
