../Src/ota_pal/ota_pal_stm32u5_ntz.c:217:21:pcPalStateToString	0	static
../Src/ota_pal/ota_pal_stm32u5_ntz.c:249:19:prvInitializePalContext	120	static,ignoring_inline_asm
../Src/ota_pal/ota_pal_stm32u5_ntz.c:385:26:prvGetImageContext	8	static
../Src/ota_pal/ota_pal_stm32u5_ntz.c:536:17:prvGetBankSettingFromOB	64	static
../Src/ota_pal/ota_pal_stm32u5_ntz.c:526:17:prvGetActiveBank	8	static
../Src/ota_pal/ota_pal_stm32u5_ntz.c:556:17:prvGetInactiveBank	8	static
../Src/ota_pal/ota_pal_stm32u5_ntz.c:405:26:prvFlashSetDualBankMode	64	static
../Src/ota_pal/ota_pal_stm32u5_ntz.c:440:19:prvSelectBank	72	static
../Src/ota_pal/ota_pal_stm32u5_ntz.c:653:19:prvEraseBank	40	static,ignoring_inline_asm
../Src/ota_pal/ota_pal_stm32u5_ntz.c:350:19:prvDeletePalNvContext	280	static
../Src/ota_pal/ota_pal_stm32u5_ntz.c:688:19:xCalculateImageHash	32	static,ignoring_inline_asm
../Src/ota_pal/ota_pal_stm32u5_ntz.c:740:23:prvValidateSignature	72	static,ignoring_inline_asm
../Src/ota_pal/ota_pal_stm32u5_ntz.c:305:19:prvWritePalNvContext	120	static,ignoring_inline_asm
../Src/ota_pal/ota_pal_stm32u5_ntz.c:504:13:prvOptionByteApply	8	static
../Src/ota_pal/ota_pal_stm32u5_ntz.c:579:26:prvWriteToFlash	48	static
../Src/ota_pal/ota_pal_stm32u5_ntz.c:159:14:otaImageStateToString	0	static
../Src/ota_pal/ota_pal_stm32u5_ntz.c:190:14:otaPalImageStateToString	0	static
../Src/ota_pal/ota_pal_stm32u5_ntz.c:790:16:otaPal_CreateFileForRx	32	static
../Src/ota_pal/ota_pal_stm32u5_ntz.c:867:9:otaPal_WriteBlock	32	static,ignoring_inline_asm
../Src/ota_pal/ota_pal_stm32u5_ntz.c:1212:20:otaPal_GetPlatformImageState	24	static,ignoring_inline_asm
../Src/ota_pal/ota_pal_stm32u5_ntz.c:1257:16:otaPal_ResetDevice	24	static,ignoring_inline_asm
../Src/ota_pal/ota_pal_stm32u5_ntz.c:968:16:otaPal_ActivateNewImage	24	static
../Src/ota_pal/ota_pal_stm32u5_ntz.c:988:6:otaPal_EarlyInit	32	static,ignoring_inline_asm
../Src/ota_pal/ota_pal_stm32u5_ntz.c:1033:16:otaPal_SetPlatformImageState	32	static,ignoring_inline_asm
../Src/ota_pal/ota_pal_stm32u5_ntz.c:908:16:otaPal_CloseFile	96	static,ignoring_inline_asm
../Src/ota_pal/ota_pal_stm32u5_ntz.c:963:16:otaPal_Abort	8	static
