C:/Users/bachirin/Desktop/AWS_gs/aws_poc_aed/Drivers/BSP/B-U585I-IOT02A/b_u585i_iot02a_light_sensor.c:507:16:VEML6030_Probe	48	static
C:/Users/bachirin/Desktop/AWS_gs/aws_poc_aed/Drivers/BSP/B-U585I-IOT02A/b_u585i_iot02a_light_sensor.c:75:9:BSP_LIGHT_SENSOR_Init	8	static
C:/Users/bachirin/Desktop/AWS_gs/aws_poc_aed/Drivers/BSP/B-U585I-IOT02A/b_u585i_iot02a_light_sensor.c:104:9:BSP_LIGHT_SENSOR_DeInit	8	static
C:/Users/bachirin/Desktop/AWS_gs/aws_poc_aed/Drivers/BSP/B-U585I-IOT02A/b_u585i_iot02a_light_sensor.c:128:9:BSP_LIGHT_SENSOR_ReadID	8	static
C:/Users/bachirin/Desktop/AWS_gs/aws_poc_aed/Drivers/BSP/B-U585I-IOT02A/b_u585i_iot02a_light_sensor.c:154:9:BSP_LIGHT_SENSOR_GetCapabilities	8	static
C:/Users/bachirin/Desktop/AWS_gs/aws_poc_aed/Drivers/BSP/B-U585I-IOT02A/b_u585i_iot02a_light_sensor.c:179:9:BSP_LIGHT_SENSOR_SetGain	16	static
C:/Users/bachirin/Desktop/AWS_gs/aws_poc_aed/Drivers/BSP/B-U585I-IOT02A/b_u585i_iot02a_light_sensor.c:205:9:BSP_LIGHT_SENSOR_GetGain	8	static
C:/Users/bachirin/Desktop/AWS_gs/aws_poc_aed/Drivers/BSP/B-U585I-IOT02A/b_u585i_iot02a_light_sensor.c:232:9:BSP_LIGHT_SENSOR_SetExposureTime	16	static
C:/Users/bachirin/Desktop/AWS_gs/aws_poc_aed/Drivers/BSP/B-U585I-IOT02A/b_u585i_iot02a_light_sensor.c:259:9:BSP_LIGHT_SENSOR_GetExposureTime	8	static
C:/Users/bachirin/Desktop/AWS_gs/aws_poc_aed/Drivers/BSP/B-U585I-IOT02A/b_u585i_iot02a_light_sensor.c:288:9:BSP_LIGHT_SENSOR_SetInterMeasurementTime	8	static
C:/Users/bachirin/Desktop/AWS_gs/aws_poc_aed/Drivers/BSP/B-U585I-IOT02A/b_u585i_iot02a_light_sensor.c:314:9:BSP_LIGHT_SENSOR_GetInterMeasurementTime	8	static
C:/Users/bachirin/Desktop/AWS_gs/aws_poc_aed/Drivers/BSP/B-U585I-IOT02A/b_u585i_iot02a_light_sensor.c:340:9:BSP_LIGHT_SENSOR_Start	8	static
C:/Users/bachirin/Desktop/AWS_gs/aws_poc_aed/Drivers/BSP/B-U585I-IOT02A/b_u585i_iot02a_light_sensor.c:365:9:BSP_LIGHT_SENSOR_Stop	8	static
C:/Users/bachirin/Desktop/AWS_gs/aws_poc_aed/Drivers/BSP/B-U585I-IOT02A/b_u585i_iot02a_light_sensor.c:395:9:BSP_LIGHT_SENSOR_StartFlicker	8	static
C:/Users/bachirin/Desktop/AWS_gs/aws_poc_aed/Drivers/BSP/B-U585I-IOT02A/b_u585i_iot02a_light_sensor.c:420:9:BSP_LIGHT_SENSOR_StopFlicker	8	static
C:/Users/bachirin/Desktop/AWS_gs/aws_poc_aed/Drivers/BSP/B-U585I-IOT02A/b_u585i_iot02a_light_sensor.c:448:9:BSP_LIGHT_SENSOR_GetValues	8	static
C:/Users/bachirin/Desktop/AWS_gs/aws_poc_aed/Drivers/BSP/B-U585I-IOT02A/b_u585i_iot02a_light_sensor.c:476:9:BSP_LIGHT_SENSOR_SetControlMode	8	static
