C:/Users/bachirin/Desktop/AWS_gs/aws_poc_aed/Middleware/FreeRTOS/kernel/timers.c:649:23:prvGetNextExpireTime	0	static
C:/Users/bachirin/Desktop/AWS_gs/aws_poc_aed/Middleware/FreeRTOS/kernel/timers.c:699:23:prvInsertTimerInActiveList	8	static
C:/Users/bachirin/Desktop/AWS_gs/aws_poc_aed/Middleware/FreeRTOS/kernel/timers.c:953:17:prvCheckForValidListAndQueue	24	static
C:/Users/bachirin/Desktop/AWS_gs/aws_poc_aed/Middleware/FreeRTOS/kernel/timers.c:343:17:prvInitialiseNewTimer	24	static,ignoring_inline_asm
C:/Users/bachirin/Desktop/AWS_gs/aws_poc_aed/Middleware/FreeRTOS/kernel/timers.c:221:16:xTimerCreateTimerTask	40	static,ignoring_inline_asm
C:/Users/bachirin/Desktop/AWS_gs/aws_poc_aed/Middleware/FreeRTOS/kernel/timers.c:276:23:xTimerCreate	32	static
C:/Users/bachirin/Desktop/AWS_gs/aws_poc_aed/Middleware/FreeRTOS/kernel/timers.c:303:23:xTimerCreateStatic	32	static,ignoring_inline_asm
C:/Users/bachirin/Desktop/AWS_gs/aws_poc_aed/Middleware/FreeRTOS/kernel/timers.c:377:16:xTimerGenericCommand	24	static,ignoring_inline_asm
C:/Users/bachirin/Desktop/AWS_gs/aws_poc_aed/Middleware/FreeRTOS/kernel/timers.c:893:17:prvSwitchTimerLists	24	static,ignoring_inline_asm
C:/Users/bachirin/Desktop/AWS_gs/aws_poc_aed/Middleware/FreeRTOS/kernel/timers.c:676:23:prvSampleTimeNow	16	static
C:/Users/bachirin/Desktop/AWS_gs/aws_poc_aed/Middleware/FreeRTOS/kernel/timers.c:508:17:prvProcessExpiredTimer	24	static,ignoring_inline_asm
C:/Users/bachirin/Desktop/AWS_gs/aws_poc_aed/Middleware/FreeRTOS/kernel/timers.c:587:17:prvProcessTimerOrBlockTask	24	static
C:/Users/bachirin/Desktop/AWS_gs/aws_poc_aed/Middleware/FreeRTOS/kernel/timers.c:743:17:prvProcessReceivedCommands	40	static,ignoring_inline_asm
C:/Users/bachirin/Desktop/AWS_gs/aws_poc_aed/Middleware/FreeRTOS/kernel/timers.c:551:12:prvTimerTask	16	static
C:/Users/bachirin/Desktop/AWS_gs/aws_poc_aed/Middleware/FreeRTOS/kernel/timers.c:424:18:xTimerGetTimerDaemonTaskHandle	8	static,ignoring_inline_asm
C:/Users/bachirin/Desktop/AWS_gs/aws_poc_aed/Middleware/FreeRTOS/kernel/timers.c:433:16:xTimerGetPeriod	8	static,ignoring_inline_asm
C:/Users/bachirin/Desktop/AWS_gs/aws_poc_aed/Middleware/FreeRTOS/kernel/timers.c:442:10:vTimerSetReloadMode	16	static,ignoring_inline_asm
C:/Users/bachirin/Desktop/AWS_gs/aws_poc_aed/Middleware/FreeRTOS/kernel/timers.c:463:17:uxTimerGetReloadMode	8	static,ignoring_inline_asm
C:/Users/bachirin/Desktop/AWS_gs/aws_poc_aed/Middleware/FreeRTOS/kernel/timers.c:488:16:xTimerGetExpiryTime	8	static,ignoring_inline_asm
C:/Users/bachirin/Desktop/AWS_gs/aws_poc_aed/Middleware/FreeRTOS/kernel/timers.c:499:18:pcTimerGetName	8	static,ignoring_inline_asm
C:/Users/bachirin/Desktop/AWS_gs/aws_poc_aed/Middleware/FreeRTOS/kernel/timers.c:1004:16:xTimerIsTimerActive	8	static,ignoring_inline_asm
C:/Users/bachirin/Desktop/AWS_gs/aws_poc_aed/Middleware/FreeRTOS/kernel/timers.c:1029:12:pvTimerGetTimerID	8	static,ignoring_inline_asm
C:/Users/bachirin/Desktop/AWS_gs/aws_poc_aed/Middleware/FreeRTOS/kernel/timers.c:1046:10:vTimerSetTimerID	16	static,ignoring_inline_asm
C:/Users/bachirin/Desktop/AWS_gs/aws_poc_aed/Middleware/FreeRTOS/kernel/timers.c:1063:20:xTimerPendFunctionCallFromISR	24	static
C:/Users/bachirin/Desktop/AWS_gs/aws_poc_aed/Middleware/FreeRTOS/kernel/timers.c:1090:20:xTimerPendFunctionCall	32	static,ignoring_inline_asm
C:/Users/bachirin/Desktop/AWS_gs/aws_poc_aed/Middleware/FreeRTOS/kernel/timers.c:1122:21:uxTimerGetTimerNumber	0	static
C:/Users/bachirin/Desktop/AWS_gs/aws_poc_aed/Middleware/FreeRTOS/kernel/timers.c:1132:14:vTimerSetTimerNumber	0	static
