C:/Users/bachirin/Desktop/AWS_gs/aws_poc_aed/Projects/Common/net/mxchip/mx_netconn.c:256:13:vLwipReadyCallback	16	static
C:/Users/bachirin/Desktop/AWS_gs/aws_poc_aed/Projects/Common/net/mxchip/mx_lwip.h:51:20:vLogAddress	32	static
C:/Users/bachirin/Desktop/AWS_gs/aws_poc_aed/Projects/Common/net/mxchip/mx_lwip.h:119:20:vSetAdminUp	16	static
C:/Users/bachirin/Desktop/AWS_gs/aws_poc_aed/Projects/Common/net/mxchip/mx_lwip.h:83:20:vStartDhcp	16	static
C:/Users/bachirin/Desktop/AWS_gs/aws_poc_aed/Projects/Common/net/mxchip/mx_lwip.h:101:20:vStopDhcp	16	static
C:/Users/bachirin/Desktop/AWS_gs/aws_poc_aed/Projects/Common/net/mxchip/mx_netconn.c:350:13:vInitializeContexts	32	static,ignoring_inline_asm
C:/Users/bachirin/Desktop/AWS_gs/aws_poc_aed/Projects/Common/net/mxchip/mx_netconn.c:107:17:ulWaitForNotifyBits	40	static
C:/Users/bachirin/Desktop/AWS_gs/aws_poc_aed/Projects/Common/net/mxchip/mx_netconn.c:182:19:xWaitForMxStatus	32	static
C:/Users/bachirin/Desktop/AWS_gs/aws_poc_aed/Projects/Common/net/mxchip/mx_netconn.c:305:13:vInitializeWifiModule	16	static
C:/Users/bachirin/Desktop/AWS_gs/aws_poc_aed/Projects/Common/net/mxchip/mx_lwip.h:62:20:vClearAddress	24	static
C:/Users/bachirin/Desktop/AWS_gs/aws_poc_aed/Projects/Common/net/mxchip/mx_netconn.c:272:19:xConnectToAP	24	static
C:/Users/bachirin/Desktop/AWS_gs/aws_poc_aed/Projects/Common/net/mxchip/mx_netconn.c:154:13:vHandleMxStatusUpdate	16	static
C:/Users/bachirin/Desktop/AWS_gs/aws_poc_aed/Projects/Common/net/mxchip/mx_netconn.c:236:13:vMxStatusNotify	16	static
C:/Users/bachirin/Desktop/AWS_gs/aws_poc_aed/Projects/Common/net/mxchip/mx_netconn.c:216:12:net_request_reconnect	16	static
C:/Users/bachirin/Desktop/AWS_gs/aws_poc_aed/Projects/Common/net/mxchip/mx_netconn.c:410:6:net_main	216	static,ignoring_inline_asm
