C:/Users/bachirin/Desktop/AWS_gs/aws_poc_aed/Middleware/FreeRTOS/coreMQTT/source/core_mqtt.c:674:17:calculateElapsedTime	0	static
C:/Users/bachirin/Desktop/AWS_gs/aws_poc_aed/Middleware/FreeRTOS/coreMQTT/source/core_mqtt.c:903:16:getAckTypeToSend	0	static
C:/Users/bachirin/Desktop/AWS_gs/aws_poc_aed/Middleware/FreeRTOS/coreMQTT/source/core_mqtt.c:1367:21:validateSubscribeUnsubscribeParams	16	static
C:/Users/bachirin/Desktop/AWS_gs/aws_poc_aed/Middleware/FreeRTOS/coreMQTT/source/core_mqtt.c:1661:21:validatePublishParams	16	static
C:/Users/bachirin/Desktop/AWS_gs/aws_poc_aed/Middleware/FreeRTOS/coreMQTT/source/core_mqtt.c:596:16:sendPacket	40	static
C:/Users/bachirin/Desktop/AWS_gs/aws_poc_aed/Middleware/FreeRTOS/coreMQTT/source/core_mqtt.c:715:16:recvExact	56	static
C:/Users/bachirin/Desktop/AWS_gs/aws_poc_aed/Middleware/FreeRTOS/coreMQTT/source/core_mqtt.c:791:21:discardPacket	48	static
C:/Users/bachirin/Desktop/AWS_gs/aws_poc_aed/Middleware/FreeRTOS/coreMQTT/source/core_mqtt.c:855:21:receivePacket	40	static
C:/Users/bachirin/Desktop/AWS_gs/aws_poc_aed/Middleware/FreeRTOS/coreMQTT/source/core_mqtt.c:682:25:getAckFromPacketType	8	static
C:/Users/bachirin/Desktop/AWS_gs/aws_poc_aed/Middleware/FreeRTOS/coreMQTT/source/core_mqtt.c:1403:21:sendPublish	16	static
C:/Users/bachirin/Desktop/AWS_gs/aws_poc_aed/Middleware/FreeRTOS/coreMQTT/source/core_mqtt.c:384:13:matchEndWildcardsSpecialCases	8	static
C:/Users/bachirin/Desktop/AWS_gs/aws_poc_aed/Middleware/FreeRTOS/coreMQTT/source/core_mqtt.c:425:13:matchWildcards	24	static
C:/Users/bachirin/Desktop/AWS_gs/aws_poc_aed/Middleware/FreeRTOS/coreMQTT/source/core_mqtt.c:530:13:matchTopicFilter	48	static
C:/Users/bachirin/Desktop/AWS_gs/aws_poc_aed/Middleware/FreeRTOS/coreMQTT/source/core_mqtt.c:942:21:sendPublishAcks	48	static
C:/Users/bachirin/Desktop/AWS_gs/aws_poc_aed/Middleware/FreeRTOS/coreMQTT/source/core_mqtt.c:1585:21:handleSessionResumption	24	static
C:/Users/bachirin/Desktop/AWS_gs/aws_poc_aed/Middleware/FreeRTOS/coreMQTT/source/core_mqtt.c:1625:21:serializePublish	40	static
C:/Users/bachirin/Desktop/AWS_gs/aws_poc_aed/Middleware/FreeRTOS/coreMQTT/source/core_mqtt.c:1700:14:MQTT_Init	40	static
C:/Users/bachirin/Desktop/AWS_gs/aws_poc_aed/Middleware/FreeRTOS/coreMQTT/source/core_mqtt.c:1856:14:MQTT_Subscribe	40	static
C:/Users/bachirin/Desktop/AWS_gs/aws_poc_aed/Middleware/FreeRTOS/coreMQTT/source/core_mqtt.c:1990:14:MQTT_Ping	24	static
C:/Users/bachirin/Desktop/AWS_gs/aws_poc_aed/Middleware/FreeRTOS/coreMQTT/source/core_mqtt.c:1001:21:handleKeepAlive	16	static
C:/Users/bachirin/Desktop/AWS_gs/aws_poc_aed/Middleware/FreeRTOS/coreMQTT/source/core_mqtt.c:2051:14:MQTT_Unsubscribe	40	static
C:/Users/bachirin/Desktop/AWS_gs/aws_poc_aed/Middleware/FreeRTOS/coreMQTT/source/core_mqtt.c:2111:14:MQTT_Disconnect	24	static
C:/Users/bachirin/Desktop/AWS_gs/aws_poc_aed/Middleware/FreeRTOS/coreMQTT/source/core_mqtt.c:2279:10:MQTT_GetPacketId	0	static
C:/Users/bachirin/Desktop/AWS_gs/aws_poc_aed/Middleware/FreeRTOS/coreMQTT/source/core_mqtt.c:2304:14:MQTT_MatchTopic	32	static
C:/Users/bachirin/Desktop/AWS_gs/aws_poc_aed/Middleware/FreeRTOS/coreMQTT/source/core_mqtt.c:2373:14:MQTT_GetSubAckStatusCodes	16	static
C:/Users/bachirin/Desktop/AWS_gs/aws_poc_aed/Middleware/FreeRTOS/coreMQTT/source/core_mqtt.c:2432:14:MQTT_Status_strerror	0	static
C:/Users/bachirin/Desktop/AWS_gs/aws_poc_aed/Middleware/FreeRTOS/coreMQTT/source/core_mqtt.c:1461:21:receiveConnack	48	static
C:/Users/bachirin/Desktop/AWS_gs/aws_poc_aed/Middleware/FreeRTOS/coreMQTT/source/core_mqtt.c:1759:14:MQTT_Connect	72	static
C:/Users/bachirin/Desktop/AWS_gs/aws_poc_aed/Middleware/FreeRTOS/coreMQTT/source/core_mqtt.c:1916:14:MQTT_Publish	40	static
C:/Users/bachirin/Desktop/AWS_gs/aws_poc_aed/Middleware/FreeRTOS/coreMQTT/source/core_mqtt.c:1038:21:handleIncomingPublish	72	static
C:/Users/bachirin/Desktop/AWS_gs/aws_poc_aed/Middleware/FreeRTOS/coreMQTT/source/core_mqtt.c:1152:21:handlePublishAcks	48	static
C:/Users/bachirin/Desktop/AWS_gs/aws_poc_aed/Middleware/FreeRTOS/coreMQTT/source/core_mqtt.c:1217:21:handleIncomingAck	48	static
C:/Users/bachirin/Desktop/AWS_gs/aws_poc_aed/Middleware/FreeRTOS/coreMQTT/source/core_mqtt.c:1296:21:receiveSingleIteration	48	static
C:/Users/bachirin/Desktop/AWS_gs/aws_poc_aed/Middleware/FreeRTOS/coreMQTT/source/core_mqtt.c:2167:14:MQTT_ProcessLoop	32	static
C:/Users/bachirin/Desktop/AWS_gs/aws_poc_aed/Middleware/FreeRTOS/coreMQTT/source/core_mqtt.c:2224:14:MQTT_ReceiveLoop	32	static
