C:/Users/bachirin/Desktop/AWS_gs/aws_poc_aed/Middleware/FreeRTOS/coreMQTT/source/core_mqtt_serializer.c:429:15:remainingLengthEncodedSize	0	static
C:/Users/bachirin/Desktop/AWS_gs/aws_poc_aed/Middleware/FreeRTOS/coreMQTT/source/core_mqtt_serializer.c:708:15:getRemainingLength	32	static
C:/Users/bachirin/Desktop/AWS_gs/aws_poc_aed/Middleware/FreeRTOS/coreMQTT/source/core_mqtt_serializer.c:760:13:incomingPacketValid	0	static
C:/Users/bachirin/Desktop/AWS_gs/aws_poc_aed/Middleware/FreeRTOS/coreMQTT/source/core_mqtt_serializer.c:1185:21:validateSubscriptionSerializeParams	24	static
C:/Users/bachirin/Desktop/AWS_gs/aws_poc_aed/Middleware/FreeRTOS/coreMQTT/source/core_mqtt_serializer.c:801:21:checkPublishRemainingLength	16	static
C:/Users/bachirin/Desktop/AWS_gs/aws_poc_aed/Middleware/FreeRTOS/coreMQTT/source/core_mqtt_serializer.c:466:18:encodeRemainingLength	8	static
C:/Users/bachirin/Desktop/AWS_gs/aws_poc_aed/Middleware/FreeRTOS/coreMQTT/source/core_mqtt_serializer.c:1006:21:calculateSubscriptionPacketSize	48	static
C:/Users/bachirin/Desktop/AWS_gs/aws_poc_aed/Middleware/FreeRTOS/coreMQTT/source/core_mqtt_serializer.c:535:13:calculatePublishPacketSize	40	static
C:/Users/bachirin/Desktop/AWS_gs/aws_poc_aed/Middleware/FreeRTOS/coreMQTT/source/core_mqtt_serializer.c:838:21:processPublishFlags	8	static
C:/Users/bachirin/Desktop/AWS_gs/aws_poc_aed/Middleware/FreeRTOS/coreMQTT/source/core_mqtt_serializer.c:1242:21:deserializePublish	24	static
C:/Users/bachirin/Desktop/AWS_gs/aws_poc_aed/Middleware/FreeRTOS/coreMQTT/source/core_mqtt_serializer.c:891:13:logConnackResponse	48	static
C:/Users/bachirin/Desktop/AWS_gs/aws_poc_aed/Middleware/FreeRTOS/coreMQTT/source/core_mqtt_serializer.c:923:21:deserializeConnack	16	static
C:/Users/bachirin/Desktop/AWS_gs/aws_poc_aed/Middleware/FreeRTOS/coreMQTT/source/core_mqtt_serializer.c:1084:21:readSubackStatus	16	static
C:/Users/bachirin/Desktop/AWS_gs/aws_poc_aed/Middleware/FreeRTOS/coreMQTT/source/core_mqtt_serializer.c:1141:21:deserializeSuback	8	static
C:/Users/bachirin/Desktop/AWS_gs/aws_poc_aed/Middleware/FreeRTOS/coreMQTT/source/core_mqtt_serializer.c:1373:21:deserializePingresp	16	static
C:/Users/bachirin/Desktop/AWS_gs/aws_poc_aed/Middleware/FreeRTOS/coreMQTT/source/core_mqtt_serializer.c:1336:21:deserializeSimpleAck	16	static
C:/Users/bachirin/Desktop/AWS_gs/aws_poc_aed/Middleware/FreeRTOS/coreMQTT/source/core_mqtt_serializer.c:499:18:encodeString	16	static
C:/Users/bachirin/Desktop/AWS_gs/aws_poc_aed/Middleware/FreeRTOS/coreMQTT/source/core_mqtt_serializer.c:1393:13:serializeConnectPacket	16	static
C:/Users/bachirin/Desktop/AWS_gs/aws_poc_aed/Middleware/FreeRTOS/coreMQTT/source/core_mqtt_serializer.c:614:13:serializePublishCommon	24	static
C:/Users/bachirin/Desktop/AWS_gs/aws_poc_aed/Middleware/FreeRTOS/coreMQTT/source/core_mqtt_serializer.c:1512:14:MQTT_GetConnectPacketSize	32	static
C:/Users/bachirin/Desktop/AWS_gs/aws_poc_aed/Middleware/FreeRTOS/coreMQTT/source/core_mqtt_serializer.c:1612:14:MQTT_SerializeConnect	32	static
C:/Users/bachirin/Desktop/AWS_gs/aws_poc_aed/Middleware/FreeRTOS/coreMQTT/source/core_mqtt_serializer.c:1670:14:MQTT_GetSubscribePacketSize	24	static
C:/Users/bachirin/Desktop/AWS_gs/aws_poc_aed/Middleware/FreeRTOS/coreMQTT/source/core_mqtt_serializer.c:1708:14:MQTT_SerializeSubscribe	40	static
C:/Users/bachirin/Desktop/AWS_gs/aws_poc_aed/Middleware/FreeRTOS/coreMQTT/source/core_mqtt_serializer.c:1762:14:MQTT_GetUnsubscribePacketSize	24	static
C:/Users/bachirin/Desktop/AWS_gs/aws_poc_aed/Middleware/FreeRTOS/coreMQTT/source/core_mqtt_serializer.c:1800:14:MQTT_SerializeUnsubscribe	40	static
C:/Users/bachirin/Desktop/AWS_gs/aws_poc_aed/Middleware/FreeRTOS/coreMQTT/source/core_mqtt_serializer.c:1851:14:MQTT_GetPublishPacketSize	24	static
C:/Users/bachirin/Desktop/AWS_gs/aws_poc_aed/Middleware/FreeRTOS/coreMQTT/source/core_mqtt_serializer.c:1892:14:MQTT_SerializePublish	32	static
C:/Users/bachirin/Desktop/AWS_gs/aws_poc_aed/Middleware/FreeRTOS/coreMQTT/source/core_mqtt_serializer.c:1977:14:MQTT_SerializePublishHeader	48	static
C:/Users/bachirin/Desktop/AWS_gs/aws_poc_aed/Middleware/FreeRTOS/coreMQTT/source/core_mqtt_serializer.c:2060:14:MQTT_SerializeAck	16	static
C:/Users/bachirin/Desktop/AWS_gs/aws_poc_aed/Middleware/FreeRTOS/coreMQTT/source/core_mqtt_serializer.c:2115:14:MQTT_GetDisconnectPacketSize	8	static
C:/Users/bachirin/Desktop/AWS_gs/aws_poc_aed/Middleware/FreeRTOS/coreMQTT/source/core_mqtt_serializer.c:2135:14:MQTT_SerializeDisconnect	16	static
C:/Users/bachirin/Desktop/AWS_gs/aws_poc_aed/Middleware/FreeRTOS/coreMQTT/source/core_mqtt_serializer.c:2178:14:MQTT_GetPingreqPacketSize	8	static
C:/Users/bachirin/Desktop/AWS_gs/aws_poc_aed/Middleware/FreeRTOS/coreMQTT/source/core_mqtt_serializer.c:2198:14:MQTT_SerializePingreq	16	static
C:/Users/bachirin/Desktop/AWS_gs/aws_poc_aed/Middleware/FreeRTOS/coreMQTT/source/core_mqtt_serializer.c:2241:14:MQTT_DeserializePublish	24	static
C:/Users/bachirin/Desktop/AWS_gs/aws_poc_aed/Middleware/FreeRTOS/coreMQTT/source/core_mqtt_serializer.c:2278:14:MQTT_DeserializeAck	16	static
C:/Users/bachirin/Desktop/AWS_gs/aws_poc_aed/Middleware/FreeRTOS/coreMQTT/source/core_mqtt_serializer.c:2355:14:MQTT_GetIncomingPacketTypeAndLength	32	static
