C:/Users/bachirin/Desktop/AWS_gs/aws_poc_aed/Projects/Common/app/Target/app_network.c:88:12:argmax	0	static
C:/Users/bachirin/Desktop/AWS_gs/aws_poc_aed/Projects/Common/app/Target/app_network.c:109:12:label_filter	0	static
C:/Users/bachirin/Desktop/AWS_gs/aws_poc_aed/Projects/Common/app/Target/app_network.c:231:12:ValidateFrame	0	static
C:/Users/bachirin/Desktop/AWS_gs/aws_poc_aed/Projects/Common/app/Target/app_network.c:275:12:NormalizeData	0	static
C:/Users/bachirin/Desktop/AWS_gs/aws_poc_aed/Projects/Common/app/Target/app_network.c:296:12:output_selection	8	static
C:/Users/bachirin/Desktop/AWS_gs/aws_poc_aed/Projects/Common/app/Target/app_network.c:139:12:AI_Init	16	static
C:/Users/bachirin/Desktop/AWS_gs/aws_poc_aed/Projects/Common/app/Target/app_network.c:203:12:AI_CopyInputData	16	static
C:/Users/bachirin/Desktop/AWS_gs/aws_poc_aed/Projects/Common/app/Target/app_network.c:188:12:AI_Run	8	static
C:/Users/bachirin/Desktop/AWS_gs/aws_poc_aed/Projects/Common/app/Target/app_network.c:325:6:Network_Init	8	static
C:/Users/bachirin/Desktop/AWS_gs/aws_poc_aed/Projects/Common/app/Target/app_network.c:341:6:Network_Preprocess	16	static
C:/Users/bachirin/Desktop/AWS_gs/aws_poc_aed/Projects/Common/app/Target/app_network.c:378:6:Network_Inference	8	static
C:/Users/bachirin/Desktop/AWS_gs/aws_poc_aed/Projects/Common/app/Target/app_network.c:404:6:Network_Postprocess	8	static
