C:/Users/bachirin/Desktop/AWS_gs/aws_poc_aed/Middleware/FreeRTOS/coreMQTT/source/core_mqtt_state.c:216:13:validateTransitionPublish	0	static
C:/Users/bachirin/Desktop/AWS_gs/aws_poc_aed/Middleware/FreeRTOS/coreMQTT/source/core_mqtt_state.c:292:13:validateTransitionAck	0	static
C:/Users/bachirin/Desktop/AWS_gs/aws_poc_aed/Middleware/FreeRTOS/coreMQTT/source/core_mqtt_state.c:401:13:isPublishOutgoing	0	static
C:/Users/bachirin/Desktop/AWS_gs/aws_poc_aed/Middleware/FreeRTOS/coreMQTT/source/core_mqtt_state.c:455:13:compactRecords	16	static
C:/Users/bachirin/Desktop/AWS_gs/aws_poc_aed/Middleware/FreeRTOS/coreMQTT/source/core_mqtt_state.c:428:15:findInRecord	16	static
C:/Users/bachirin/Desktop/AWS_gs/aws_poc_aed/Middleware/FreeRTOS/coreMQTT/source/core_mqtt_state.c:562:13:updateRecord	8	static
C:/Users/bachirin/Desktop/AWS_gs/aws_poc_aed/Middleware/FreeRTOS/coreMQTT/source/core_mqtt_state.c:582:17:stateSelect	8	static
C:/Users/bachirin/Desktop/AWS_gs/aws_poc_aed/Middleware/FreeRTOS/coreMQTT/source/core_mqtt_state.c:495:21:addRecord	40	static
C:/Users/bachirin/Desktop/AWS_gs/aws_poc_aed/Middleware/FreeRTOS/coreMQTT/source/core_mqtt_state.c:628:20:MQTT_CalculateStateAck	0	static
C:/Users/bachirin/Desktop/AWS_gs/aws_poc_aed/Middleware/FreeRTOS/coreMQTT/source/core_mqtt_state.c:792:14:MQTT_ReserveState	16	static
C:/Users/bachirin/Desktop/AWS_gs/aws_poc_aed/Middleware/FreeRTOS/coreMQTT/source/core_mqtt_state.c:821:20:MQTT_CalculateStatePublish	0	static
C:/Users/bachirin/Desktop/AWS_gs/aws_poc_aed/Middleware/FreeRTOS/coreMQTT/source/core_mqtt_state.c:997:10:MQTT_PubrelToResend	24	static
C:/Users/bachirin/Desktop/AWS_gs/aws_poc_aed/Middleware/FreeRTOS/coreMQTT/source/core_mqtt_state.c:1033:10:MQTT_PublishToResend	16	static
C:/Users/bachirin/Desktop/AWS_gs/aws_poc_aed/Middleware/FreeRTOS/coreMQTT/source/core_mqtt_state.c:1063:14:MQTT_State_strerror	0	static
C:/Users/bachirin/Desktop/AWS_gs/aws_poc_aed/Middleware/FreeRTOS/coreMQTT/source/core_mqtt_state.c:737:21:updateStatePublish	40	static
C:/Users/bachirin/Desktop/AWS_gs/aws_poc_aed/Middleware/FreeRTOS/coreMQTT/source/core_mqtt_state.c:850:14:MQTT_UpdateStatePublish	56	static
C:/Users/bachirin/Desktop/AWS_gs/aws_poc_aed/Middleware/FreeRTOS/coreMQTT/source/core_mqtt_state.c:677:21:updateStateAck	40	static
C:/Users/bachirin/Desktop/AWS_gs/aws_poc_aed/Middleware/FreeRTOS/coreMQTT/source/core_mqtt_state.c:924:14:MQTT_UpdateStateAck	48	static
