C:/Users/bachirin/Desktop/AWS_gs/aws_poc_aed/Projects/Common/net/mbedtls_transport.c:196:16:lMbedtlsErrToTransportError	0	static
C:/Users/bachirin/Desktop/AWS_gs/aws_poc_aed/Projects/Common/net/mbedtls_transport.c:239:21:pcGetVerifyInfoString	0	static
C:/Users/bachirin/Desktop/AWS_gs/aws_poc_aed/Projects/Common/net/mbedtls_transport.c:257:13:vLogCertificateVerifyResult	24	static
C:/Users/bachirin/Desktop/AWS_gs/aws_poc_aed/Projects/Common/net/mbedtls_transport.c:415:12:mbedtls_ssl_recv	8	static
C:/Users/bachirin/Desktop/AWS_gs/aws_poc_aed/Projects/Common/net/mbedtls_transport.c:345:12:mbedtls_ssl_send	40	static
C:/Users/bachirin/Desktop/AWS_gs/aws_poc_aed/Projects/Common/net/mbedtls_transport.c:546:12:lValidateCertByProfile	32	static
C:/Users/bachirin/Desktop/AWS_gs/aws_poc_aed/Projects/Common/net/mbedtls_transport.c:272:15:uxGetCertCNFromName	16	static,ignoring_inline_asm
C:/Users/bachirin/Desktop/AWS_gs/aws_poc_aed/Projects/Common/net/mbedtls_transport.c:297:13:vLogCertInfo	112	static
C:/Users/bachirin/Desktop/AWS_gs/aws_poc_aed/Projects/Common/net/mbedtls_transport.c:608:29:xConfigureCertificateAuth	40	static,ignoring_inline_asm
C:/Users/bachirin/Desktop/AWS_gs/aws_poc_aed/Projects/Common/net/mbedtls_transport.c:721:29:xConfigureCAChain	64	static,ignoring_inline_asm
C:/Users/bachirin/Desktop/AWS_gs/aws_poc_aed/Projects/Common/net/mbedtls_transport.c:1065:29:xConnectSocket	96	static,ignoring_inline_asm
C:/Users/bachirin/Desktop/AWS_gs/aws_poc_aed/Projects/Common/net/mbedtls_transport.c:138:13:vSocketNotifyThread	56	static
C:/Users/bachirin/Desktop/AWS_gs/aws_poc_aed/Projects/Common/net/mbedtls_transport.c:1417:13:vCreateSocketNotifyTask	32	static,ignoring_inline_asm
C:/Users/bachirin/Desktop/AWS_gs/aws_poc_aed/Projects/Common/net/mbedtls_transport.c:1444:13:vFreeNotifyThreadCtx	16	static,ignoring_inline_asm
C:/Users/bachirin/Desktop/AWS_gs/aws_poc_aed/Projects/Common/net/mbedtls_transport.c:462:20:mbedtls_transport_allocate	8	static
C:/Users/bachirin/Desktop/AWS_gs/aws_poc_aed/Projects/Common/net/mbedtls_transport.c:503:6:mbedtls_transport_free	16	static
C:/Users/bachirin/Desktop/AWS_gs/aws_poc_aed/Projects/Common/net/mbedtls_transport.c:1227:22:mbedtls_transport_connect	56	static,ignoring_inline_asm
C:/Users/bachirin/Desktop/AWS_gs/aws_poc_aed/Projects/Common/net/mbedtls_transport.c:1456:9:mbedtls_transport_setrecvcallback	32	static,ignoring_inline_asm
C:/Users/bachirin/Desktop/AWS_gs/aws_poc_aed/Projects/Common/net/mbedtls_transport.c:1517:9:mbedtls_transport_setsockopt	16	static,ignoring_inline_asm
C:/Users/bachirin/Desktop/AWS_gs/aws_poc_aed/Projects/Common/net/mbedtls_transport.c:1542:6:mbedtls_transport_disconnect	32	static,ignoring_inline_asm
C:/Users/bachirin/Desktop/AWS_gs/aws_poc_aed/Projects/Common/net/mbedtls_transport.c:830:22:mbedtls_transport_configure	48	static,ignoring_inline_asm
C:/Users/bachirin/Desktop/AWS_gs/aws_poc_aed/Projects/Common/net/mbedtls_transport.c:1599:9:mbedtls_transport_recv	24	static,ignoring_inline_asm
C:/Users/bachirin/Desktop/AWS_gs/aws_poc_aed/Projects/Common/net/mbedtls_transport.c:1666:9:mbedtls_transport_send	24	static,ignoring_inline_asm
