C:/Users/bachirin/Desktop/AWS_gs/aws_poc_aed/Middleware/FreeRTOS/corePKCS11/source/portable/mbedtls/core_pkcs11_mbedtls.c:327:14:prvCheckValidSessionAndModule	0	static
C:/Users/bachirin/Desktop/AWS_gs/aws_poc_aed/Middleware/FreeRTOS/corePKCS11/source/portable/mbedtls/core_pkcs11_mbedtls.c:369:23:prvSessionPointerFromHandle	0	static
C:/Users/bachirin/Desktop/AWS_gs/aws_poc_aed/Middleware/FreeRTOS/corePKCS11/source/portable/mbedtls/core_pkcs11_mbedtls.c:389:17:prvOperationActive	0	static
C:/Users/bachirin/Desktop/AWS_gs/aws_poc_aed/Middleware/FreeRTOS/corePKCS11/source/portable/mbedtls/core_pkcs11_mbedtls.c:474:14:prvGetObjectClass	12	static
C:/Users/bachirin/Desktop/AWS_gs/aws_poc_aed/Middleware/FreeRTOS/corePKCS11/source/portable/mbedtls/core_pkcs11_mbedtls.c:1074:13:prvFindObjectInListByHandle	8	static
C:/Users/bachirin/Desktop/AWS_gs/aws_poc_aed/Middleware/FreeRTOS/corePKCS11/source/portable/mbedtls/core_pkcs11_mbedtls.c:1645:1:C_GetTokenInfo	0	static
C:/Users/bachirin/Desktop/AWS_gs/aws_poc_aed/Middleware/FreeRTOS/corePKCS11/source/portable/mbedtls/core_pkcs11_mbedtls.c:1731:1:C_InitToken	0	static
C:/Users/bachirin/Desktop/AWS_gs/aws_poc_aed/Middleware/FreeRTOS/corePKCS11/source/portable/mbedtls/core_pkcs11_mbedtls.c:1958:1:C_Login	0	static
C:/Users/bachirin/Desktop/AWS_gs/aws_poc_aed/Middleware/FreeRTOS/corePKCS11/source/portable/mbedtls/core_pkcs11_mbedtls.c:2046:13:prvGetKeyType	32	static
C:/Users/bachirin/Desktop/AWS_gs/aws_poc_aed/Middleware/FreeRTOS/corePKCS11/source/portable/mbedtls/core_pkcs11_mbedtls.c:2075:13:prvGetLabel	32	static
C:/Users/bachirin/Desktop/AWS_gs/aws_poc_aed/Middleware/FreeRTOS/corePKCS11/source/portable/mbedtls/core_pkcs11_mbedtls.c:1471:1:C_GetFunctionList	8	static
C:/Users/bachirin/Desktop/AWS_gs/aws_poc_aed/Middleware/FreeRTOS/corePKCS11/source/portable/mbedtls/core_pkcs11_mbedtls.c:1578:1:C_GetSlotList	16	static
C:/Users/bachirin/Desktop/AWS_gs/aws_poc_aed/Middleware/FreeRTOS/corePKCS11/source/portable/mbedtls/core_pkcs11_mbedtls.c:1766:1:C_OpenSession	32	static
C:/Users/bachirin/Desktop/AWS_gs/aws_poc_aed/Middleware/FreeRTOS/corePKCS11/source/portable/mbedtls/core_pkcs11_mbedtls.c:501:14:prvCertAttParse	16	static
C:/Users/bachirin/Desktop/AWS_gs/aws_poc_aed/Middleware/FreeRTOS/corePKCS11/source/portable/mbedtls/core_pkcs11_mbedtls.c:2395:14:prvHMACKeyAttParse	8	static
C:/Users/bachirin/Desktop/AWS_gs/aws_poc_aed/Middleware/FreeRTOS/corePKCS11/source/portable/mbedtls/core_pkcs11_mbedtls.c:2518:14:prvCMACKeyAttParse	8	static
C:/Users/bachirin/Desktop/AWS_gs/aws_poc_aed/Middleware/FreeRTOS/corePKCS11/source/portable/mbedtls/core_pkcs11_mbedtls.c:5138:14:prvCheckGenerateKeyPairPrivateTemplate	8	static
C:/Users/bachirin/Desktop/AWS_gs/aws_poc_aed/Middleware/FreeRTOS/corePKCS11/source/portable/mbedtls/core_pkcs11_mbedtls.c:1104:14:prvDeleteObjectFromList	16	static
C:/Users/bachirin/Desktop/AWS_gs/aws_poc_aed/Middleware/FreeRTOS/corePKCS11/source/portable/mbedtls/core_pkcs11_mbedtls.c:430:14:prvMbedTLS_Initialize	24	static
C:/Users/bachirin/Desktop/AWS_gs/aws_poc_aed/Middleware/FreeRTOS/corePKCS11/source/portable/mbedtls/core_pkcs11_mbedtls.c:1378:1:C_Initialize	16	static
C:/Users/bachirin/Desktop/AWS_gs/aws_poc_aed/Middleware/FreeRTOS/corePKCS11/source/portable/mbedtls/core_pkcs11_mbedtls.c:1418:1:C_Finalize	16	static
C:/Users/bachirin/Desktop/AWS_gs/aws_poc_aed/Middleware/FreeRTOS/corePKCS11/source/portable/mbedtls/core_pkcs11_mbedtls.c:1670:1:C_GetMechanismInfo	96	static
C:/Users/bachirin/Desktop/AWS_gs/aws_poc_aed/Middleware/FreeRTOS/corePKCS11/source/portable/mbedtls/core_pkcs11_mbedtls.c:1145:14:prvAddObjectToList	32	static
C:/Users/bachirin/Desktop/AWS_gs/aws_poc_aed/Middleware/FreeRTOS/corePKCS11/source/portable/mbedtls/core_pkcs11_mbedtls.c:616:14:prvRsaPubKeyAttParse	16	static
C:/Users/bachirin/Desktop/AWS_gs/aws_poc_aed/Middleware/FreeRTOS/corePKCS11/source/portable/mbedtls/core_pkcs11_mbedtls.c:587:14:prvRsaPrivKeyAttParse	16	static
C:/Users/bachirin/Desktop/AWS_gs/aws_poc_aed/Middleware/FreeRTOS/corePKCS11/source/portable/mbedtls/core_pkcs11_mbedtls.c:4030:13:prvSignInitEC_RSACleanUp	8	static
C:/Users/bachirin/Desktop/AWS_gs/aws_poc_aed/Middleware/FreeRTOS/corePKCS11/source/portable/mbedtls/core_pkcs11_mbedtls.c:4573:13:prvVerifyInitEC_RSACleanUp	8	static
C:/Users/bachirin/Desktop/AWS_gs/aws_poc_aed/Middleware/FreeRTOS/corePKCS11/source/portable/mbedtls/core_pkcs11_mbedtls.c:1899:1:C_CloseSession	16	static
C:/Users/bachirin/Desktop/AWS_gs/aws_poc_aed/Middleware/FreeRTOS/corePKCS11/source/portable/mbedtls/core_pkcs11_mbedtls.c:1986:14:prvCreateCertificate	48	static
C:/Users/bachirin/Desktop/AWS_gs/aws_poc_aed/Middleware/FreeRTOS/corePKCS11/source/portable/mbedtls/core_pkcs11_mbedtls.c:2462:14:prvCreateSHA256HMAC	40	static
C:/Users/bachirin/Desktop/AWS_gs/aws_poc_aed/Middleware/FreeRTOS/corePKCS11/source/portable/mbedtls/core_pkcs11_mbedtls.c:2585:14:prvCreateAESCMAC	40	static
C:/Users/bachirin/Desktop/AWS_gs/aws_poc_aed/Middleware/FreeRTOS/corePKCS11/source/portable/mbedtls/core_pkcs11_mbedtls.c:2734:14:prvCreateSecretKey	24	static
C:/Users/bachirin/Desktop/AWS_gs/aws_poc_aed/Middleware/FreeRTOS/corePKCS11/source/portable/mbedtls/core_pkcs11_mbedtls.c:646:14:prvRsaContextParse	48	static
C:/Users/bachirin/Desktop/AWS_gs/aws_poc_aed/Middleware/FreeRTOS/corePKCS11/source/portable/mbedtls/core_pkcs11_mbedtls.c:733:14:prvRsaKeyAttParse	8	static
C:/Users/bachirin/Desktop/AWS_gs/aws_poc_aed/Middleware/FreeRTOS/corePKCS11/source/portable/mbedtls/core_pkcs11_mbedtls.c:819:18:prvEcPrivKeyAttParse	24	static
C:/Users/bachirin/Desktop/AWS_gs/aws_poc_aed/Middleware/FreeRTOS/corePKCS11/source/portable/mbedtls/core_pkcs11_mbedtls.c:3314:1:C_FindObjectsInit	64	static
C:/Users/bachirin/Desktop/AWS_gs/aws_poc_aed/Middleware/FreeRTOS/corePKCS11/source/portable/mbedtls/core_pkcs11_mbedtls.c:3525:1:C_FindObjectsFinal	16	static
C:/Users/bachirin/Desktop/AWS_gs/aws_poc_aed/Middleware/FreeRTOS/corePKCS11/source/portable/mbedtls/core_pkcs11_mbedtls.c:1209:14:prvAppendEmptyECDerKey	32	static
C:/Users/bachirin/Desktop/AWS_gs/aws_poc_aed/Middleware/FreeRTOS/corePKCS11/source/portable/mbedtls/core_pkcs11_mbedtls.c:1246:14:prvSaveDerKeyToPal	56	static
C:/Users/bachirin/Desktop/AWS_gs/aws_poc_aed/Middleware/FreeRTOS/corePKCS11/source/portable/mbedtls/core_pkcs11_mbedtls.c:2323:14:prvCreateRsaKey	56	static
C:/Users/bachirin/Desktop/AWS_gs/aws_poc_aed/Middleware/FreeRTOS/corePKCS11/source/portable/mbedtls/core_pkcs11_mbedtls.c:1043:13:prvFindObjectInListByLabel	24	static
C:/Users/bachirin/Desktop/AWS_gs/aws_poc_aed/Middleware/FreeRTOS/corePKCS11/source/portable/mbedtls/core_pkcs11_mbedtls.c:5252:14:prvCheckGenerateKeyPairPublicTemplate	32	static
C:/Users/bachirin/Desktop/AWS_gs/aws_poc_aed/Middleware/FreeRTOS/corePKCS11/source/portable/mbedtls/core_pkcs11_mbedtls.c:3426:1:C_FindObjects	40	static
C:/Users/bachirin/Desktop/AWS_gs/aws_poc_aed/Middleware/FreeRTOS/corePKCS11/source/portable/mbedtls/core_pkcs11_mbedtls.c:5663:1:C_GenerateRandom	24	static
C:/Users/bachirin/Desktop/AWS_gs/aws_poc_aed/Middleware/FreeRTOS/corePKCS11/source/portable/mbedtls/core_pkcs11_mbedtls.c:2111:18:prvGetExistingKeyComponent	80	static
C:/Users/bachirin/Desktop/AWS_gs/aws_poc_aed/Middleware/FreeRTOS/corePKCS11/source/portable/mbedtls/core_pkcs11_mbedtls.c:2195:18:prvLoadEcGroup	24	static
C:/Users/bachirin/Desktop/AWS_gs/aws_poc_aed/Middleware/FreeRTOS/corePKCS11/source/portable/mbedtls/core_pkcs11_mbedtls.c:868:18:prvEcPubKeyAttParse	32	static
C:/Users/bachirin/Desktop/AWS_gs/aws_poc_aed/Middleware/FreeRTOS/corePKCS11/source/portable/mbedtls/core_pkcs11_mbedtls.c:927:18:prvEcKeyAttParse	32	static
C:/Users/bachirin/Desktop/AWS_gs/aws_poc_aed/Middleware/FreeRTOS/corePKCS11/source/portable/mbedtls/core_pkcs11_mbedtls.c:2245:18:prvCreateECKey	56	static
C:/Users/bachirin/Desktop/AWS_gs/aws_poc_aed/Middleware/FreeRTOS/corePKCS11/source/portable/mbedtls/core_pkcs11_mbedtls.c:2644:14:prvCreatePrivateKey	24	static
C:/Users/bachirin/Desktop/AWS_gs/aws_poc_aed/Middleware/FreeRTOS/corePKCS11/source/portable/mbedtls/core_pkcs11_mbedtls.c:2693:14:prvCreatePublicKey	32	static
C:/Users/bachirin/Desktop/AWS_gs/aws_poc_aed/Middleware/FreeRTOS/corePKCS11/source/portable/mbedtls/core_pkcs11_mbedtls.c:2816:1:C_CreateObject	24	static
C:/Users/bachirin/Desktop/AWS_gs/aws_poc_aed/Middleware/FreeRTOS/corePKCS11/source/portable/mbedtls/core_pkcs11_mbedtls.c:2885:1:C_DestroyObject	32	static
C:/Users/bachirin/Desktop/AWS_gs/aws_poc_aed/Middleware/FreeRTOS/corePKCS11/source/portable/mbedtls/core_pkcs11_mbedtls.c:4045:14:prvSignInitEC_RSAKeys	40	static
C:/Users/bachirin/Desktop/AWS_gs/aws_poc_aed/Middleware/FreeRTOS/corePKCS11/source/portable/mbedtls/core_pkcs11_mbedtls.c:4588:14:prvVerifyInitEC_RSAKeys	40	static
C:/Users/bachirin/Desktop/AWS_gs/aws_poc_aed/Middleware/FreeRTOS/corePKCS11/source/portable/mbedtls/core_pkcs11_mbedtls.c:2962:1:C_GetAttributeValue	448	static
C:/Users/bachirin/Desktop/AWS_gs/aws_poc_aed/Middleware/FreeRTOS/corePKCS11/source/portable/mbedtls/core_pkcs11_mbedtls.c:3574:1:C_DigestInit	32	static
C:/Users/bachirin/Desktop/AWS_gs/aws_poc_aed/Middleware/FreeRTOS/corePKCS11/source/portable/mbedtls/core_pkcs11_mbedtls.c:3658:1:C_DigestUpdate	32	static
C:/Users/bachirin/Desktop/AWS_gs/aws_poc_aed/Middleware/FreeRTOS/corePKCS11/source/portable/mbedtls/core_pkcs11_mbedtls.c:3741:1:C_DigestFinal	32	static
C:/Users/bachirin/Desktop/AWS_gs/aws_poc_aed/Middleware/FreeRTOS/corePKCS11/source/portable/mbedtls/core_pkcs11_mbedtls.c:3826:13:prvHMACCleanUp	8	static
C:/Users/bachirin/Desktop/AWS_gs/aws_poc_aed/Middleware/FreeRTOS/corePKCS11/source/portable/mbedtls/core_pkcs11_mbedtls.c:3839:14:prvInitSHA256HMAC	40	static
C:/Users/bachirin/Desktop/AWS_gs/aws_poc_aed/Middleware/FreeRTOS/corePKCS11/source/portable/mbedtls/core_pkcs11_mbedtls.c:3909:14:prvSignInitSHA256HMAC	8	static
C:/Users/bachirin/Desktop/AWS_gs/aws_poc_aed/Middleware/FreeRTOS/corePKCS11/source/portable/mbedtls/core_pkcs11_mbedtls.c:4532:14:prvVerifyInitSHA256HMAC	8	static
C:/Users/bachirin/Desktop/AWS_gs/aws_poc_aed/Middleware/FreeRTOS/corePKCS11/source/portable/mbedtls/core_pkcs11_mbedtls.c:3928:13:prvCMACCleanUp	8	static
C:/Users/bachirin/Desktop/AWS_gs/aws_poc_aed/Middleware/FreeRTOS/corePKCS11/source/portable/mbedtls/core_pkcs11_mbedtls.c:3941:14:prvInitAESCMAC	40	static
C:/Users/bachirin/Desktop/AWS_gs/aws_poc_aed/Middleware/FreeRTOS/corePKCS11/source/portable/mbedtls/core_pkcs11_mbedtls.c:4011:14:prvSignInitAESCMAC	8	static
C:/Users/bachirin/Desktop/AWS_gs/aws_poc_aed/Middleware/FreeRTOS/corePKCS11/source/portable/mbedtls/core_pkcs11_mbedtls.c:4134:1:C_SignInit	56	static
C:/Users/bachirin/Desktop/AWS_gs/aws_poc_aed/Middleware/FreeRTOS/corePKCS11/source/portable/mbedtls/core_pkcs11_mbedtls.c:4554:14:prvVerifyInitAESCMAC	8	static
C:/Users/bachirin/Desktop/AWS_gs/aws_poc_aed/Middleware/FreeRTOS/corePKCS11/source/portable/mbedtls/core_pkcs11_mbedtls.c:4687:1:C_VerifyInit	56	static
C:/Users/bachirin/Desktop/AWS_gs/aws_poc_aed/Middleware/FreeRTOS/corePKCS11/source/portable/mbedtls/core_pkcs11_mbedtls.c:4313:1:C_Sign	160	static
C:/Users/bachirin/Desktop/AWS_gs/aws_poc_aed/Middleware/FreeRTOS/corePKCS11/source/portable/mbedtls/core_pkcs11_mbedtls.c:4849:1:C_Verify	112	static
C:/Users/bachirin/Desktop/AWS_gs/aws_poc_aed/Middleware/FreeRTOS/corePKCS11/source/portable/mbedtls/core_pkcs11_mbedtls.c:5404:1:C_GenerateKeyPair	72	static
