C:/Users/bachirin/Desktop/AWS_gs/aws_poc_aed/Drivers/BSP/B-U585I-IOT02A/b_u585i_iot02a_bus.c:1168:13:I2C_Compute_PRESC_SCLDEL_SDADEL	36	static
C:/Users/bachirin/Desktop/AWS_gs/aws_poc_aed/Drivers/BSP/B-U585I-IOT02A/b_u585i_iot02a_bus.c:1253:17:I2C_Compute_SCLL_SCLH	72	static
C:/Users/bachirin/Desktop/AWS_gs/aws_poc_aed/Drivers/BSP/B-U585I-IOT02A/b_u585i_iot02a_bus.c:1130:17:I2C_GetTiming	16	static
C:/Users/bachirin/Desktop/AWS_gs/aws_poc_aed/Drivers/BSP/B-U585I-IOT02A/b_u585i_iot02a_bus.c:1405:16:I2C1_WriteReg	24	static
C:/Users/bachirin/Desktop/AWS_gs/aws_poc_aed/Drivers/BSP/B-U585I-IOT02A/b_u585i_iot02a_bus.c:1544:16:I2C2_WriteReg	24	static
C:/Users/bachirin/Desktop/AWS_gs/aws_poc_aed/Drivers/BSP/B-U585I-IOT02A/b_u585i_iot02a_bus.c:1424:16:I2C1_ReadReg	24	static
C:/Users/bachirin/Desktop/AWS_gs/aws_poc_aed/Drivers/BSP/B-U585I-IOT02A/b_u585i_iot02a_bus.c:1563:16:I2C2_ReadReg	24	static
C:/Users/bachirin/Desktop/AWS_gs/aws_poc_aed/Drivers/BSP/B-U585I-IOT02A/b_u585i_iot02a_bus.c:1441:16:I2C1_Recv	16	static
C:/Users/bachirin/Desktop/AWS_gs/aws_poc_aed/Drivers/BSP/B-U585I-IOT02A/b_u585i_iot02a_bus.c:1580:16:I2C2_Recv	16	static
C:/Users/bachirin/Desktop/AWS_gs/aws_poc_aed/Drivers/BSP/B-U585I-IOT02A/b_u585i_iot02a_bus.c:1458:16:I2C1_Send	16	static
C:/Users/bachirin/Desktop/AWS_gs/aws_poc_aed/Drivers/BSP/B-U585I-IOT02A/b_u585i_iot02a_bus.c:1597:16:I2C2_Send	16	static
C:/Users/bachirin/Desktop/AWS_gs/aws_poc_aed/Drivers/BSP/B-U585I-IOT02A/b_u585i_iot02a_bus.c:1379:13:I2C1_MspDeInit	32	static
C:/Users/bachirin/Desktop/AWS_gs/aws_poc_aed/Drivers/BSP/B-U585I-IOT02A/b_u585i_iot02a_bus.c:1518:13:I2C2_MspDeInit	32	static
C:/Users/bachirin/Desktop/AWS_gs/aws_poc_aed/Drivers/BSP/B-U585I-IOT02A/b_u585i_iot02a_bus.c:1334:13:I2C1_MspInit	64	static
C:/Users/bachirin/Desktop/AWS_gs/aws_poc_aed/Drivers/BSP/B-U585I-IOT02A/b_u585i_iot02a_bus.c:1473:13:I2C2_MspInit	64	static
C:/Users/bachirin/Desktop/AWS_gs/aws_poc_aed/Drivers/BSP/B-U585I-IOT02A/b_u585i_iot02a_bus.c:255:9:BSP_I2C1_DeInit	8	static
C:/Users/bachirin/Desktop/AWS_gs/aws_poc_aed/Drivers/BSP/B-U585I-IOT02A/b_u585i_iot02a_bus.c:283:26:MX_I2C1_Init	8	static
C:/Users/bachirin/Desktop/AWS_gs/aws_poc_aed/Drivers/BSP/B-U585I-IOT02A/b_u585i_iot02a_bus.c:329:9:BSP_I2C1_WriteReg	32	static
C:/Users/bachirin/Desktop/AWS_gs/aws_poc_aed/Drivers/BSP/B-U585I-IOT02A/b_u585i_iot02a_bus.c:368:9:BSP_I2C1_ReadReg	32	static
C:/Users/bachirin/Desktop/AWS_gs/aws_poc_aed/Drivers/BSP/B-U585I-IOT02A/b_u585i_iot02a_bus.c:407:9:BSP_I2C1_WriteReg16	32	static
C:/Users/bachirin/Desktop/AWS_gs/aws_poc_aed/Drivers/BSP/B-U585I-IOT02A/b_u585i_iot02a_bus.c:446:9:BSP_I2C1_ReadReg16	32	static
C:/Users/bachirin/Desktop/AWS_gs/aws_poc_aed/Drivers/BSP/B-U585I-IOT02A/b_u585i_iot02a_bus.c:484:9:BSP_I2C1_Recv	24	static
C:/Users/bachirin/Desktop/AWS_gs/aws_poc_aed/Drivers/BSP/B-U585I-IOT02A/b_u585i_iot02a_bus.c:522:9:BSP_I2C1_Send	24	static
C:/Users/bachirin/Desktop/AWS_gs/aws_poc_aed/Drivers/BSP/B-U585I-IOT02A/b_u585i_iot02a_bus.c:560:9:BSP_I2C1_IsReady	16	static
C:/Users/bachirin/Desktop/AWS_gs/aws_poc_aed/Drivers/BSP/B-U585I-IOT02A/b_u585i_iot02a_bus.c:585:9:BSP_I2C1_RegisterDefaultMspCallbacks	8	static
C:/Users/bachirin/Desktop/AWS_gs/aws_poc_aed/Drivers/BSP/B-U585I-IOT02A/b_u585i_iot02a_bus.c:205:9:BSP_I2C1_Init	8	static
C:/Users/bachirin/Desktop/AWS_gs/aws_poc_aed/Drivers/BSP/B-U585I-IOT02A/b_u585i_iot02a_bus.c:622:9:BSP_I2C1_RegisterMspCallbacks	16	static
C:/Users/bachirin/Desktop/AWS_gs/aws_poc_aed/Drivers/BSP/B-U585I-IOT02A/b_u585i_iot02a_bus.c:709:9:BSP_I2C2_DeInit	8	static
C:/Users/bachirin/Desktop/AWS_gs/aws_poc_aed/Drivers/BSP/B-U585I-IOT02A/b_u585i_iot02a_bus.c:737:26:MX_I2C2_Init	8	static
C:/Users/bachirin/Desktop/AWS_gs/aws_poc_aed/Drivers/BSP/B-U585I-IOT02A/b_u585i_iot02a_bus.c:783:9:BSP_I2C2_WriteReg	32	static
C:/Users/bachirin/Desktop/AWS_gs/aws_poc_aed/Drivers/BSP/B-U585I-IOT02A/b_u585i_iot02a_bus.c:822:9:BSP_I2C2_ReadReg	32	static
C:/Users/bachirin/Desktop/AWS_gs/aws_poc_aed/Drivers/BSP/B-U585I-IOT02A/b_u585i_iot02a_bus.c:861:9:BSP_I2C2_WriteReg16	32	static
C:/Users/bachirin/Desktop/AWS_gs/aws_poc_aed/Drivers/BSP/B-U585I-IOT02A/b_u585i_iot02a_bus.c:900:9:BSP_I2C2_ReadReg16	32	static
C:/Users/bachirin/Desktop/AWS_gs/aws_poc_aed/Drivers/BSP/B-U585I-IOT02A/b_u585i_iot02a_bus.c:938:9:BSP_I2C2_Recv	24	static
C:/Users/bachirin/Desktop/AWS_gs/aws_poc_aed/Drivers/BSP/B-U585I-IOT02A/b_u585i_iot02a_bus.c:976:9:BSP_I2C2_Send	24	static
C:/Users/bachirin/Desktop/AWS_gs/aws_poc_aed/Drivers/BSP/B-U585I-IOT02A/b_u585i_iot02a_bus.c:1014:9:BSP_I2C2_IsReady	16	static
C:/Users/bachirin/Desktop/AWS_gs/aws_poc_aed/Drivers/BSP/B-U585I-IOT02A/b_u585i_iot02a_bus.c:1038:9:BSP_GetTick	8	static
C:/Users/bachirin/Desktop/AWS_gs/aws_poc_aed/Drivers/BSP/B-U585I-IOT02A/b_u585i_iot02a_bus.c:1048:9:BSP_I2C2_RegisterDefaultMspCallbacks	8	static
C:/Users/bachirin/Desktop/AWS_gs/aws_poc_aed/Drivers/BSP/B-U585I-IOT02A/b_u585i_iot02a_bus.c:659:9:BSP_I2C2_Init	8	static
C:/Users/bachirin/Desktop/AWS_gs/aws_poc_aed/Drivers/BSP/B-U585I-IOT02A/b_u585i_iot02a_bus.c:1085:9:BSP_I2C2_RegisterMspCallbacks	16	static
