C:/Users/bachirin/Desktop/AWS_gs/aws_poc_aed/Drivers/BSP/B-U585I-IOT02A/b_u585i_iot02a_env_sensors.c:449:16:HTS221_Probe	48	static
C:/Users/bachirin/Desktop/AWS_gs/aws_poc_aed/Drivers/BSP/B-U585I-IOT02A/b_u585i_iot02a_env_sensors.c:510:16:LPS22HH_Probe	48	static
C:/Users/bachirin/Desktop/AWS_gs/aws_poc_aed/Drivers/BSP/B-U585I-IOT02A/b_u585i_iot02a_env_sensors.c:88:9:BSP_ENV_SENSOR_Init	16	static
C:/Users/bachirin/Desktop/AWS_gs/aws_poc_aed/Drivers/BSP/B-U585I-IOT02A/b_u585i_iot02a_env_sensors.c:136:9:BSP_ENV_SENSOR_DeInit	8	static
C:/Users/bachirin/Desktop/AWS_gs/aws_poc_aed/Drivers/BSP/B-U585I-IOT02A/b_u585i_iot02a_env_sensors.c:170:9:BSP_ENV_SENSOR_GetCapabilities	8	static
C:/Users/bachirin/Desktop/AWS_gs/aws_poc_aed/Drivers/BSP/B-U585I-IOT02A/b_u585i_iot02a_env_sensors.c:200:9:BSP_ENV_SENSOR_ReadID	8	static
C:/Users/bachirin/Desktop/AWS_gs/aws_poc_aed/Drivers/BSP/B-U585I-IOT02A/b_u585i_iot02a_env_sensors.c:232:9:BSP_ENV_SENSOR_Enable	8	static
C:/Users/bachirin/Desktop/AWS_gs/aws_poc_aed/Drivers/BSP/B-U585I-IOT02A/b_u585i_iot02a_env_sensors.c:274:9:BSP_ENV_SENSOR_Disable	8	static
C:/Users/bachirin/Desktop/AWS_gs/aws_poc_aed/Drivers/BSP/B-U585I-IOT02A/b_u585i_iot02a_env_sensors.c:317:9:BSP_ENV_SENSOR_GetOutputDataRate	8	static
C:/Users/bachirin/Desktop/AWS_gs/aws_poc_aed/Drivers/BSP/B-U585I-IOT02A/b_u585i_iot02a_env_sensors.c:360:9:BSP_ENV_SENSOR_SetOutputDataRate	8	static
C:/Users/bachirin/Desktop/AWS_gs/aws_poc_aed/Drivers/BSP/B-U585I-IOT02A/b_u585i_iot02a_env_sensors.c:403:9:BSP_ENV_SENSOR_GetValue	8	static
