C:/Users/bachirin/Desktop/AWS_gs/aws_poc_aed/Middleware/FreeRTOS/kernel/queue.c:2101:24:prvGetDisinheritPriorityAfterTimeout	0	static
C:/Users/bachirin/Desktop/AWS_gs/aws_poc_aed/Middleware/FreeRTOS/kernel/queue.c:2391:19:prvIsQueueFull	8	static
C:/Users/bachirin/Desktop/AWS_gs/aws_poc_aed/Middleware/FreeRTOS/kernel/queue.c:2350:19:prvIsQueueEmpty	8	static
C:/Users/bachirin/Desktop/AWS_gs/aws_poc_aed/Middleware/FreeRTOS/kernel/queue.c:2126:19:prvCopyDataToQueue	16	static
C:/Users/bachirin/Desktop/AWS_gs/aws_poc_aed/Middleware/FreeRTOS/kernel/queue.c:2209:13:prvCopyDataFromQueue	8	static
C:/Users/bachirin/Desktop/AWS_gs/aws_poc_aed/Middleware/FreeRTOS/kernel/queue.c:2230:13:prvUnlockQueue	16	static
C:/Users/bachirin/Desktop/AWS_gs/aws_poc_aed/Middleware/FreeRTOS/kernel/queue.c:264:12:xQueueGenericReset	16	static,ignoring_inline_asm
C:/Users/bachirin/Desktop/AWS_gs/aws_poc_aed/Middleware/FreeRTOS/kernel/queue.c:444:13:prvInitialiseNewQueue	16	static
C:/Users/bachirin/Desktop/AWS_gs/aws_poc_aed/Middleware/FreeRTOS/kernel/queue.c:320:19:xQueueGenericCreateStatic	24	static,ignoring_inline_asm
C:/Users/bachirin/Desktop/AWS_gs/aws_poc_aed/Middleware/FreeRTOS/kernel/queue.c:382:19:xQueueGenericCreate	32	static,ignoring_inline_asm
C:/Users/bachirin/Desktop/AWS_gs/aws_poc_aed/Middleware/FreeRTOS/kernel/queue.c:559:18:xQueueGetMutexHolder	8	static
C:/Users/bachirin/Desktop/AWS_gs/aws_poc_aed/Middleware/FreeRTOS/kernel/queue.c:590:18:xQueueGetMutexHolderFromISR	8	static,ignoring_inline_asm
C:/Users/bachirin/Desktop/AWS_gs/aws_poc_aed/Middleware/FreeRTOS/kernel/queue.c:714:19:xQueueCreateCountingSemaphoreStatic	16	static,ignoring_inline_asm
C:/Users/bachirin/Desktop/AWS_gs/aws_poc_aed/Middleware/FreeRTOS/kernel/queue.c:744:19:xQueueCreateCountingSemaphore	8	static,ignoring_inline_asm
C:/Users/bachirin/Desktop/AWS_gs/aws_poc_aed/Middleware/FreeRTOS/kernel/queue.c:771:12:xQueueGenericSend	40	static,ignoring_inline_asm
C:/Users/bachirin/Desktop/AWS_gs/aws_poc_aed/Middleware/FreeRTOS/kernel/queue.c:492:17:prvInitialiseMutex	8	static
C:/Users/bachirin/Desktop/AWS_gs/aws_poc_aed/Middleware/FreeRTOS/kernel/queue.c:522:19:xQueueCreateMutex	8	static
C:/Users/bachirin/Desktop/AWS_gs/aws_poc_aed/Middleware/FreeRTOS/kernel/queue.c:538:19:xQueueCreateMutexStatic	16	static
C:/Users/bachirin/Desktop/AWS_gs/aws_poc_aed/Middleware/FreeRTOS/kernel/queue.c:616:16:xQueueGiveMutexRecursive	16	static,ignoring_inline_asm
C:/Users/bachirin/Desktop/AWS_gs/aws_poc_aed/Middleware/FreeRTOS/kernel/queue.c:983:12:xQueueGenericSendFromISR	32	static,ignoring_inline_asm
C:/Users/bachirin/Desktop/AWS_gs/aws_poc_aed/Middleware/FreeRTOS/kernel/queue.c:1150:12:xQueueGiveFromISR	16	static,ignoring_inline_asm
C:/Users/bachirin/Desktop/AWS_gs/aws_poc_aed/Middleware/FreeRTOS/kernel/queue.c:1318:12:xQueueReceive	40	static,ignoring_inline_asm
C:/Users/bachirin/Desktop/AWS_gs/aws_poc_aed/Middleware/FreeRTOS/kernel/queue.c:1461:12:xQueueSemaphoreTake	32	static,ignoring_inline_asm
C:/Users/bachirin/Desktop/AWS_gs/aws_poc_aed/Middleware/FreeRTOS/kernel/queue.c:671:16:xQueueTakeMutexRecursive	16	static,ignoring_inline_asm
C:/Users/bachirin/Desktop/AWS_gs/aws_poc_aed/Middleware/FreeRTOS/kernel/queue.c:1680:12:xQueuePeek	32	static,ignoring_inline_asm
C:/Users/bachirin/Desktop/AWS_gs/aws_poc_aed/Middleware/FreeRTOS/kernel/queue.c:1831:12:xQueueReceiveFromISR	32	static,ignoring_inline_asm
C:/Users/bachirin/Desktop/AWS_gs/aws_poc_aed/Middleware/FreeRTOS/kernel/queue.c:1926:12:xQueuePeekFromISR	24	static,ignoring_inline_asm
C:/Users/bachirin/Desktop/AWS_gs/aws_poc_aed/Middleware/FreeRTOS/kernel/queue.c:1981:13:uxQueueMessagesWaiting	8	static,ignoring_inline_asm
C:/Users/bachirin/Desktop/AWS_gs/aws_poc_aed/Middleware/FreeRTOS/kernel/queue.c:1997:13:uxQueueSpacesAvailable	16	static,ignoring_inline_asm
C:/Users/bachirin/Desktop/AWS_gs/aws_poc_aed/Middleware/FreeRTOS/kernel/queue.c:2014:13:uxQueueMessagesWaitingFromISR	8	static,ignoring_inline_asm
C:/Users/bachirin/Desktop/AWS_gs/aws_poc_aed/Middleware/FreeRTOS/kernel/queue.c:2070:17:uxQueueGetQueueNumber	0	static
C:/Users/bachirin/Desktop/AWS_gs/aws_poc_aed/Middleware/FreeRTOS/kernel/queue.c:2080:10:vQueueSetQueueNumber	0	static
C:/Users/bachirin/Desktop/AWS_gs/aws_poc_aed/Middleware/FreeRTOS/kernel/queue.c:2091:13:ucQueueGetQueueType	0	static
C:/Users/bachirin/Desktop/AWS_gs/aws_poc_aed/Middleware/FreeRTOS/kernel/queue.c:2371:12:xQueueIsQueueEmptyFromISR	8	static,ignoring_inline_asm
C:/Users/bachirin/Desktop/AWS_gs/aws_poc_aed/Middleware/FreeRTOS/kernel/queue.c:2412:12:xQueueIsQueueFullFromISR	8	static,ignoring_inline_asm
C:/Users/bachirin/Desktop/AWS_gs/aws_poc_aed/Middleware/FreeRTOS/kernel/queue.c:2721:10:vQueueAddToRegistry	0	static
C:/Users/bachirin/Desktop/AWS_gs/aws_poc_aed/Middleware/FreeRTOS/kernel/queue.c:2751:18:pcQueueGetName	0	static
C:/Users/bachirin/Desktop/AWS_gs/aws_poc_aed/Middleware/FreeRTOS/kernel/queue.c:2780:10:vQueueUnregisterQueue	0	static
C:/Users/bachirin/Desktop/AWS_gs/aws_poc_aed/Middleware/FreeRTOS/kernel/queue.c:2026:6:vQueueDelete	8	static,ignoring_inline_asm
C:/Users/bachirin/Desktop/AWS_gs/aws_poc_aed/Middleware/FreeRTOS/kernel/queue.c:2811:10:vQueueWaitForMessageRestricted	16	static
