C:/Users/bachirin/Desktop/AWS_gs/aws_poc_aed/Middleware/ARM/mbedtls/library/chachapoly.c:58:12:chachapoly_pad_aad	24	static
C:/Users/bachirin/Desktop/AWS_gs/aws_poc_aed/Middleware/ARM/mbedtls/library/chachapoly.c:78:12:chachapoly_pad_ciphertext	24	static
C:/Users/bachirin/Desktop/AWS_gs/aws_poc_aed/Middleware/ARM/mbedtls/library/chachapoly.c:92:6:mbedtls_chachapoly_init	8	static
C:/Users/bachirin/Desktop/AWS_gs/aws_poc_aed/Middleware/ARM/mbedtls/library/chachapoly.c:104:6:mbedtls_chachapoly_free	8	static
C:/Users/bachirin/Desktop/AWS_gs/aws_poc_aed/Middleware/ARM/mbedtls/library/chachapoly.c:117:5:mbedtls_chachapoly_setkey	8	static
C:/Users/bachirin/Desktop/AWS_gs/aws_poc_aed/Middleware/ARM/mbedtls/library/chachapoly.c:129:5:mbedtls_chachapoly_starts	80	static
C:/Users/bachirin/Desktop/AWS_gs/aws_poc_aed/Middleware/ARM/mbedtls/library/chachapoly.c:169:5:mbedtls_chachapoly_update_aad	8	static
C:/Users/bachirin/Desktop/AWS_gs/aws_poc_aed/Middleware/ARM/mbedtls/library/chachapoly.c:184:5:mbedtls_chachapoly_update	24	static
C:/Users/bachirin/Desktop/AWS_gs/aws_poc_aed/Middleware/ARM/mbedtls/library/chachapoly.c:235:5:mbedtls_chachapoly_finish	32	static
C:/Users/bachirin/Desktop/AWS_gs/aws_poc_aed/Middleware/ARM/mbedtls/library/chachapoly.c:278:12:chachapoly_crypt_and_tag	16	static
C:/Users/bachirin/Desktop/AWS_gs/aws_poc_aed/Middleware/ARM/mbedtls/library/chachapoly.c:308:5:mbedtls_chachapoly_encrypt_and_tag	32	static
C:/Users/bachirin/Desktop/AWS_gs/aws_poc_aed/Middleware/ARM/mbedtls/library/chachapoly.c:329:5:mbedtls_chachapoly_auth_decrypt	56	static
