C:/Users/bachirin/Desktop/AWS_gs/aws_poc_aed/Middleware/ARM/mbedtls/library/cipher.c:772:13:add_pkcs_padding	0	static
C:/Users/bachirin/Desktop/AWS_gs/aws_poc_aed/Middleware/ARM/mbedtls/library/cipher.c:782:12:get_pkcs_padding	12	static
C:/Users/bachirin/Desktop/AWS_gs/aws_poc_aed/Middleware/ARM/mbedtls/library/cipher.c:812:13:add_one_and_zeros_padding	4	static
C:/Users/bachirin/Desktop/AWS_gs/aws_poc_aed/Middleware/ARM/mbedtls/library/cipher.c:823:12:get_one_and_zeros_padding	16	static
C:/Users/bachirin/Desktop/AWS_gs/aws_poc_aed/Middleware/ARM/mbedtls/library/cipher.c:851:13:add_zeros_and_len_padding	8	static
C:/Users/bachirin/Desktop/AWS_gs/aws_poc_aed/Middleware/ARM/mbedtls/library/cipher.c:862:12:get_zeros_and_len_padding	8	static
C:/Users/bachirin/Desktop/AWS_gs/aws_poc_aed/Middleware/ARM/mbedtls/library/cipher.c:891:13:add_zeros_padding	0	static
C:/Users/bachirin/Desktop/AWS_gs/aws_poc_aed/Middleware/ARM/mbedtls/library/cipher.c:900:12:get_zeros_padding	8	static
C:/Users/bachirin/Desktop/AWS_gs/aws_poc_aed/Middleware/ARM/mbedtls/library/cipher.c:927:12:get_no_padding	0	static
C:/Users/bachirin/Desktop/AWS_gs/aws_poc_aed/Middleware/ARM/mbedtls/library/cipher.c:1342:12:mbedtls_cipher_aead_encrypt	40	static
C:/Users/bachirin/Desktop/AWS_gs/aws_poc_aed/Middleware/ARM/mbedtls/library/cipher.c:1422:12:mbedtls_cipher_aead_decrypt	32	static
C:/Users/bachirin/Desktop/AWS_gs/aws_poc_aed/Middleware/ARM/mbedtls/library/cipher.c:80:12:mbedtls_cipher_list	0	static
C:/Users/bachirin/Desktop/AWS_gs/aws_poc_aed/Middleware/ARM/mbedtls/library/cipher.c:101:30:mbedtls_cipher_info_from_type	0	static
C:/Users/bachirin/Desktop/AWS_gs/aws_poc_aed/Middleware/ARM/mbedtls/library/cipher.c:113:30:mbedtls_cipher_info_from_string	16	static
C:/Users/bachirin/Desktop/AWS_gs/aws_poc_aed/Middleware/ARM/mbedtls/library/cipher.c:128:30:mbedtls_cipher_info_from_values	8	static
C:/Users/bachirin/Desktop/AWS_gs/aws_poc_aed/Middleware/ARM/mbedtls/library/cipher.c:144:6:mbedtls_cipher_init	8	static
C:/Users/bachirin/Desktop/AWS_gs/aws_poc_aed/Middleware/ARM/mbedtls/library/cipher.c:150:6:mbedtls_cipher_free	8	static
C:/Users/bachirin/Desktop/AWS_gs/aws_poc_aed/Middleware/ARM/mbedtls/library/cipher.c:253:5:mbedtls_cipher_setkey	16	static
C:/Users/bachirin/Desktop/AWS_gs/aws_poc_aed/Middleware/ARM/mbedtls/library/cipher.c:351:5:mbedtls_cipher_set_iv	24	static
C:/Users/bachirin/Desktop/AWS_gs/aws_poc_aed/Middleware/ARM/mbedtls/library/cipher.c:441:5:mbedtls_cipher_reset	0	static
C:/Users/bachirin/Desktop/AWS_gs/aws_poc_aed/Middleware/ARM/mbedtls/library/cipher.c:462:5:mbedtls_cipher_update_ad	16	static
C:/Users/bachirin/Desktop/AWS_gs/aws_poc_aed/Middleware/ARM/mbedtls/library/cipher.c:513:5:mbedtls_cipher_update	64	static
C:/Users/bachirin/Desktop/AWS_gs/aws_poc_aed/Middleware/ARM/mbedtls/library/cipher.c:939:5:mbedtls_cipher_finish	32	static
C:/Users/bachirin/Desktop/AWS_gs/aws_poc_aed/Middleware/ARM/mbedtls/library/cipher.c:1041:5:mbedtls_cipher_set_padding_mode	0	static
C:/Users/bachirin/Desktop/AWS_gs/aws_poc_aed/Middleware/ARM/mbedtls/library/cipher.c:193:5:mbedtls_cipher_setup	16	static
C:/Users/bachirin/Desktop/AWS_gs/aws_poc_aed/Middleware/ARM/mbedtls/library/cipher.c:1104:5:mbedtls_cipher_write_tag	24	static
C:/Users/bachirin/Desktop/AWS_gs/aws_poc_aed/Middleware/ARM/mbedtls/library/cipher.c:1152:5:mbedtls_cipher_check_tag	56	static
C:/Users/bachirin/Desktop/AWS_gs/aws_poc_aed/Middleware/ARM/mbedtls/library/cipher.c:1243:5:mbedtls_cipher_crypt	32	static
C:/Users/bachirin/Desktop/AWS_gs/aws_poc_aed/Middleware/ARM/mbedtls/library/cipher.c:1525:5:mbedtls_cipher_auth_encrypt_ext	56	static
C:/Users/bachirin/Desktop/AWS_gs/aws_poc_aed/Middleware/ARM/mbedtls/library/cipher.c:1581:5:mbedtls_cipher_auth_decrypt_ext	56	static
