C:/Users/bachirin/Desktop/AWS_gs/aws_poc_aed/Middleware/ARM/mbedtls/library/poly1305.c:94:13:poly1305_process	104	static
C:/Users/bachirin/Desktop/AWS_gs/aws_poc_aed/Middleware/ARM/mbedtls/library/poly1305.c:202:13:poly1305_compute_mac	36	static
C:/Users/bachirin/Desktop/AWS_gs/aws_poc_aed/Middleware/ARM/mbedtls/library/poly1305.c:259:6:mbedtls_poly1305_init	8	static
C:/Users/bachirin/Desktop/AWS_gs/aws_poc_aed/Middleware/ARM/mbedtls/library/poly1305.c:266:6:mbedtls_poly1305_free	8	static
C:/Users/bachirin/Desktop/AWS_gs/aws_poc_aed/Middleware/ARM/mbedtls/library/poly1305.c:274:5:mbedtls_poly1305_starts	16	static
C:/Users/bachirin/Desktop/AWS_gs/aws_poc_aed/Middleware/ARM/mbedtls/library/poly1305.c:305:5:mbedtls_poly1305_update	24	static
C:/Users/bachirin/Desktop/AWS_gs/aws_poc_aed/Middleware/ARM/mbedtls/library/poly1305.c:369:5:mbedtls_poly1305_finish	16	static
C:/Users/bachirin/Desktop/AWS_gs/aws_poc_aed/Middleware/ARM/mbedtls/library/poly1305.c:396:5:mbedtls_poly1305_mac	96	static
