C:/Users/bachirin/Desktop/AWS_gs/aws_poc_aed/Projects/Common/sys/mbedtls_freertos_port.c:106:13:mbedtls_platform_mutex_init	8	static,ignoring_inline_asm
C:/Users/bachirin/Desktop/AWS_gs/aws_poc_aed/Projects/Common/sys/mbedtls_freertos_port.c:126:13:mbedtls_platform_mutex_free	8	static
C:/Users/bachirin/Desktop/AWS_gs/aws_poc_aed/Projects/Common/sys/mbedtls_freertos_port.c:141:12:mbedtls_platform_mutex_lock	8	static,ignoring_inline_asm
C:/Users/bachirin/Desktop/AWS_gs/aws_poc_aed/Projects/Common/sys/mbedtls_freertos_port.c:166:12:mbedtls_platform_mutex_unlock	8	static,ignoring_inline_asm
C:/Users/bachirin/Desktop/AWS_gs/aws_poc_aed/Projects/Common/sys/mbedtls_freertos_port.c:55:8:mbedtls_platform_calloc	16	static
C:/Users/bachirin/Desktop/AWS_gs/aws_poc_aed/Projects/Common/sys/mbedtls_freertos_port.c:86:6:mbedtls_platform_free	8	static
