../Src/fs/ospi_nor_mx25lmxxx45g.c:120:13:ospi_IRQHandler	8	static,ignoring_inline_asm
../Src/fs/ospi_nor_mx25lmxxx45g.c:230:19:ospi_InitDriver	48	static
../Src/fs/ospi_nor_mx25lmxxx45g.c:77:13:ospi_ErrorCallback	24	static,ignoring_inline_asm
../Src/fs/ospi_nor_mx25lmxxx45g.c:200:13:ospi_MspDeInitCallback	8	static
../Src/fs/ospi_nor_mx25lmxxx45g.c:133:13:ospi_MspInitCallback	264	static,ignoring_inline_asm
../Src/fs/ospi_nor_mx25lmxxx45g.c:87:19:ospi_WaitForCallback	32	static,ignoring_inline_asm
../Src/fs/ospi_nor_mx25lmxxx45g.c:542:19:ospi_cmd_SPI_WREN	96	static
../Src/fs/ospi_nor_mx25lmxxx45g.c:586:19:ospi_cmd_SPI_8BitSTRMode	96	static
../Src/fs/ospi_nor_mx25lmxxx45g.c:347:19:ospi_cmd_OPI_WREN	96	static
../Src/fs/ospi_nor_mx25lmxxx45g.c:340:13:ospi_AbortTransaction	8	static
../Src/fs/ospi_nor_mx25lmxxx45g.c:469:19:ospi_SPI_WaitForStatus	136	static
../Src/fs/ospi_nor_mx25lmxxx45g.c:393:19:ospi_OPI_WaitForStatus	136	static
../Src/fs/ospi_nor_mx25lmxxx45g.c:82:13:ospi_AbortCallback	24	static,ignoring_inline_asm
../Src/fs/ospi_nor_mx25lmxxx45g.c:52:13:ospi_RxCpltCallback	24	static,ignoring_inline_asm
../Src/fs/ospi_nor_mx25lmxxx45g.c:57:13:ospi_TxCpltCallback	24	static,ignoring_inline_asm
../Src/fs/ospi_nor_mx25lmxxx45g.c:62:13:ospi_CmdCpltCallback	24	static,ignoring_inline_asm
../Src/fs/ospi_nor_mx25lmxxx45g.c:67:13:ospi_StatusMatchCpltCallback	24	static,ignoring_inline_asm
../Src/fs/ospi_nor_mx25lmxxx45g.c:72:13:ospi_TimeoutCallback	24	static,ignoring_inline_asm
../Src/fs/ospi_nor_mx25lmxxx45g.c:114:6:OCTOSPI2_IRQHandler	8	static,ignoring_inline_asm
../Src/fs/ospi_nor_mx25lmxxx45g.c:638:12:ospi_Init	16	static
../Src/fs/ospi_nor_mx25lmxxx45g.c:694:12:ospi_ReadAddr	104	static
../Src/fs/ospi_nor_mx25lmxxx45g.c:805:12:ospi_WriteAddr	104	static
../Src/fs/ospi_nor_mx25lmxxx45g.c:927:12:ospi_EraseSector	96	static
