C:/Users/bachirin/Desktop/AWS_gs/aws_poc_aed/Projects/Common/app/mqtt/mqtt_agent_task.c:739:13:prvSubscriptionManagerCtxReset	16	static,ignoring_inline_asm
C:/Users/bachirin/Desktop/AWS_gs/aws_poc_aed/Projects/Common/app/mqtt/mqtt_agent_task.c:471:13:prvSocketRecvReadyCallback	16	static
C:/Users/bachirin/Desktop/AWS_gs/aws_poc_aed/Projects/Common/app/mqtt/mqtt_agent_task.c:1312:13:prvSubscribeRqCallback	16	static,ignoring_inline_asm
C:/Users/bachirin/Desktop/AWS_gs/aws_poc_aed/Projects/Common/app/mqtt/mqtt_agent_task.c:1564:13:prvAgentRequestCallback	16	static,ignoring_inline_asm
C:/Users/bachirin/Desktop/AWS_gs/aws_poc_aed/Projects/Common/app/mqtt/mqtt_agent_task.c:1272:17:prvGetTimeMs	8	static
C:/Users/bachirin/Desktop/AWS_gs/aws_poc_aed/Projects/Common/app/mqtt/mqtt_agent_task.c:511:13:prvAgentMessageReceive	32	static
C:/Users/bachirin/Desktop/AWS_gs/aws_poc_aed/Projects/Common/app/mqtt/mqtt_agent_task.c:486:13:prvAgentMessageSend	24	static
C:/Users/bachirin/Desktop/AWS_gs/aws_poc_aed/Projects/Common/app/mqtt/mqtt_agent_task.c:726:13:prvSubscriptionManagerCtxFree	16	static,ignoring_inline_asm
C:/Users/bachirin/Desktop/AWS_gs/aws_poc_aed/Projects/Common/app/mqtt/mqtt_agent_task.c:795:13:prvFreeAgentTaskCtx	8	static
C:/Users/bachirin/Desktop/AWS_gs/aws_poc_aed/Projects/Common/app/mqtt/mqtt_agent_task.c:771:21:prvSubscriptionManagerCtxInit	24	static,ignoring_inline_asm
C:/Users/bachirin/Desktop/AWS_gs/aws_poc_aed/Projects/Common/app/mqtt/mqtt_agent_task.c:822:21:prvConfigureAgentTaskCtx	32	static
C:/Users/bachirin/Desktop/AWS_gs/aws_poc_aed/Projects/Common/app/mqtt/mqtt_agent_task.c:668:13:prvIncomingPublishCallback	64	static,ignoring_inline_asm
C:/Users/bachirin/Desktop/AWS_gs/aws_poc_aed/Projects/Common/app/mqtt/mqtt_agent_task.c:587:21:prvHandleResubscribe	32	static,ignoring_inline_asm
C:/Users/bachirin/Desktop/AWS_gs/aws_poc_aed/Projects/Common/app/mqtt/mqtt_agent_task.c:292:6:vSleepUntilMQTTAgentConnected	16	static,ignoring_inline_asm
C:/Users/bachirin/Desktop/AWS_gs/aws_poc_aed/Projects/Common/app/mqtt/mqtt_agent_task.c:313:6:xIsMqttAgentConnected	16	static
C:/Users/bachirin/Desktop/AWS_gs/aws_poc_aed/Projects/Common/app/mqtt/mqtt_agent_task.c:951:19:xGetMqttAgentHandle	0	static
C:/Users/bachirin/Desktop/AWS_gs/aws_poc_aed/Projects/Common/app/mqtt/mqtt_agent_task.c:266:6:vSleepUntilMQTTAgentReady	16	static,ignoring_inline_asm
C:/Users/bachirin/Desktop/AWS_gs/aws_poc_aed/Projects/Common/app/mqtt/mqtt_agent_task.c:958:6:vMQTTAgentTask	112	static,ignoring_inline_asm
C:/Users/bachirin/Desktop/AWS_gs/aws_poc_aed/Projects/Common/app/mqtt/mqtt_agent_task.c:1391:14:MqttAgent_SubscribeSync	88	static,ignoring_inline_asm
C:/Users/bachirin/Desktop/AWS_gs/aws_poc_aed/Projects/Common/app/mqtt/mqtt_agent_task.c:1640:14:MqttAgent_UnSubscribeSync	104	static,ignoring_inline_asm
