C:/Users/bachirin/Desktop/AWS_gs/aws_poc_aed/Projects/Common/app/ota/ota_update_task.c:827:19:prvMatchClientIdentifierInTopic	12	static
C:/Users/bachirin/Desktop/AWS_gs/aws_poc_aed/Projects/Common/app/ota/ota_update_task.c:1083:13:prvSetOTAAppBuffer	0	static
C:/Users/bachirin/Desktop/AWS_gs/aws_poc_aed/Projects/Common/app/ota/ota_update_task.c:533:13:prvOTAAgentTask	8	static
C:/Users/bachirin/Desktop/AWS_gs/aws_poc_aed/Projects/Common/app/ota/ota_update_task.c:1052:13:prvSetOtaInterfaces	8	static,ignoring_inline_asm
C:/Users/bachirin/Desktop/AWS_gs/aws_poc_aed/Projects/Common/app/ota/ota_update_task.c:485:13:prvOTAEventBufferFree	16	static,ignoring_inline_asm
C:/Users/bachirin/Desktop/AWS_gs/aws_poc_aed/Projects/Common/app/ota/ota_update_task.c:560:13:otaAppCallback	16	static,ignoring_inline_asm
C:/Users/bachirin/Desktop/AWS_gs/aws_poc_aed/Projects/Common/app/ota/ota_update_task.c:503:25:prvOTAEventBufferGet	16	static,ignoring_inline_asm
C:/Users/bachirin/Desktop/AWS_gs/aws_poc_aed/Projects/Common/app/ota/ota_update_task.c:735:13:prvProcessIncomingJobMessage	40	static,ignoring_inline_asm
C:/Users/bachirin/Desktop/AWS_gs/aws_poc_aed/Projects/Common/app/ota/ota_update_task.c:678:13:prvProcessIncomingData	32	static,ignoring_inline_asm
C:/Users/bachirin/Desktop/AWS_gs/aws_poc_aed/Projects/Common/app/ota/ota_update_task.c:790:30:prvGetPublishCallbackFromTopic	32	static
C:/Users/bachirin/Desktop/AWS_gs/aws_poc_aed/Projects/Common/app/ota/ota_update_task.c:1000:24:prvMQTTUnsubscribe	32	static,ignoring_inline_asm
C:/Users/bachirin/Desktop/AWS_gs/aws_poc_aed/Projects/Common/app/ota/ota_update_task.c:875:24:prvMQTTSubscribe	32	static,ignoring_inline_asm
C:/Users/bachirin/Desktop/AWS_gs/aws_poc_aed/Projects/Common/app/ota/ota_update_task.c:924:24:prvMQTTPublish	64	static
C:/Users/bachirin/Desktop/AWS_gs/aws_poc_aed/Projects/Common/app/ota/ota_update_task.c:862:13:prvCommandCallback	16	static,ignoring_inline_asm
C:/Users/bachirin/Desktop/AWS_gs/aws_poc_aed/Projects/Common/app/ota/ota_update_task.c:465:19:prvOTAEventBufferPoolInit	8	static,ignoring_inline_asm
C:/Users/bachirin/Desktop/AWS_gs/aws_poc_aed/Projects/Common/app/ota/ota_update_task.c:1126:6:vOTAUpdateTask	216	static
C:/Users/bachirin/Desktop/AWS_gs/aws_poc_aed/Projects/Common/app/ota/ota_update_task.c:1340:6:vSuspendOTAUpdate	8	static
C:/Users/bachirin/Desktop/AWS_gs/aws_poc_aed/Projects/Common/app/ota/ota_update_task.c:1354:6:vResumeOTAUpdate	8	static
