C:/Users/bachirin/Desktop/AWS_gs/aws_poc_aed/Middleware/ARM/mbedtls/library/aes.c:713:12:mbedtls_aes_xts_decode_keys	4	static
C:/Users/bachirin/Desktop/AWS_gs/aws_poc_aed/Middleware/ARM/mbedtls/library/aes.c:1094:13:mbedtls_gf128mul_x_ble	12	static
C:/Users/bachirin/Desktop/AWS_gs/aws_poc_aed/Middleware/ARM/mbedtls/library/aes.c:490:6:mbedtls_aes_init	8	static
C:/Users/bachirin/Desktop/AWS_gs/aws_poc_aed/Middleware/ARM/mbedtls/library/aes.c:497:6:mbedtls_aes_free	8	static
C:/Users/bachirin/Desktop/AWS_gs/aws_poc_aed/Middleware/ARM/mbedtls/library/aes.c:506:6:mbedtls_aes_xts_init	8	static
C:/Users/bachirin/Desktop/AWS_gs/aws_poc_aed/Middleware/ARM/mbedtls/library/aes.c:514:6:mbedtls_aes_xts_free	8	static
C:/Users/bachirin/Desktop/AWS_gs/aws_poc_aed/Middleware/ARM/mbedtls/library/aes.c:528:5:mbedtls_aes_setkey_enc	12	static
C:/Users/bachirin/Desktop/AWS_gs/aws_poc_aed/Middleware/ARM/mbedtls/library/aes.c:644:5:mbedtls_aes_setkey_dec	304	static
C:/Users/bachirin/Desktop/AWS_gs/aws_poc_aed/Middleware/ARM/mbedtls/library/aes.c:738:5:mbedtls_aes_xts_setkey_enc	32	static
C:/Users/bachirin/Desktop/AWS_gs/aws_poc_aed/Middleware/ARM/mbedtls/library/aes.c:763:5:mbedtls_aes_xts_setkey_dec	32	static
C:/Users/bachirin/Desktop/AWS_gs/aws_poc_aed/Middleware/ARM/mbedtls/library/aes.c:841:5:mbedtls_internal_aes_encrypt	64	static
C:/Users/bachirin/Desktop/AWS_gs/aws_poc_aed/Middleware/ARM/mbedtls/library/aes.c:905:5:mbedtls_internal_aes_decrypt	64	static
C:/Users/bachirin/Desktop/AWS_gs/aws_poc_aed/Middleware/ARM/mbedtls/library/aes.c:968:5:mbedtls_aes_crypt_ecb	8	static
C:/Users/bachirin/Desktop/AWS_gs/aws_poc_aed/Middleware/ARM/mbedtls/library/aes.c:1006:5:mbedtls_aes_crypt_cbc	48	static
C:/Users/bachirin/Desktop/AWS_gs/aws_poc_aed/Middleware/ARM/mbedtls/library/aes.c:1112:5:mbedtls_aes_crypt_xts	96	static
C:/Users/bachirin/Desktop/AWS_gs/aws_poc_aed/Middleware/ARM/mbedtls/library/aes.c:1223:5:mbedtls_aes_crypt_cfb128	32	static
C:/Users/bachirin/Desktop/AWS_gs/aws_poc_aed/Middleware/ARM/mbedtls/library/aes.c:1293:5:mbedtls_aes_crypt_cfb8	56	static
C:/Users/bachirin/Desktop/AWS_gs/aws_poc_aed/Middleware/ARM/mbedtls/library/aes.c:1338:5:mbedtls_aes_crypt_ofb	32	static
C:/Users/bachirin/Desktop/AWS_gs/aws_poc_aed/Middleware/ARM/mbedtls/library/aes.c:1383:5:mbedtls_aes_crypt_ctr	40	static
