C:/Users/bachirin/Desktop/AWS_gs/aws_poc_aed/Middleware/ARM/mbedtls/library/ccm.c:542:12:mbedtls_ccm_compare_tags	8	static
C:/Users/bachirin/Desktop/AWS_gs/aws_poc_aed/Middleware/ARM/mbedtls/library/ccm.c:135:13:mbedtls_ccm_clear_state	0	static
C:/Users/bachirin/Desktop/AWS_gs/aws_poc_aed/Middleware/ARM/mbedtls/library/ccm.c:141:12:ccm_calculate_first_block_if_ready	32	static
C:/Users/bachirin/Desktop/AWS_gs/aws_poc_aed/Middleware/ARM/mbedtls/library/ccm.c:110:12:mbedtls_ccm_crypt	64	static
C:/Users/bachirin/Desktop/AWS_gs/aws_poc_aed/Middleware/ARM/mbedtls/library/ccm.c:54:6:mbedtls_ccm_init	8	static
C:/Users/bachirin/Desktop/AWS_gs/aws_poc_aed/Middleware/ARM/mbedtls/library/ccm.c:59:5:mbedtls_ccm_setkey	24	static
C:/Users/bachirin/Desktop/AWS_gs/aws_poc_aed/Middleware/ARM/mbedtls/library/ccm.c:92:6:mbedtls_ccm_free	8	static
C:/Users/bachirin/Desktop/AWS_gs/aws_poc_aed/Middleware/ARM/mbedtls/library/ccm.c:203:5:mbedtls_ccm_starts	24	static
C:/Users/bachirin/Desktop/AWS_gs/aws_poc_aed/Middleware/ARM/mbedtls/library/ccm.c:240:5:mbedtls_ccm_set_lengths	8	static
C:/Users/bachirin/Desktop/AWS_gs/aws_poc_aed/Middleware/ARM/mbedtls/library/ccm.c:267:5:mbedtls_ccm_update_ad	40	static
C:/Users/bachirin/Desktop/AWS_gs/aws_poc_aed/Middleware/ARM/mbedtls/library/ccm.c:340:5:mbedtls_ccm_update	64	static
C:/Users/bachirin/Desktop/AWS_gs/aws_poc_aed/Middleware/ARM/mbedtls/library/ccm.c:448:5:mbedtls_ccm_finish	32	static
C:/Users/bachirin/Desktop/AWS_gs/aws_poc_aed/Middleware/ARM/mbedtls/library/ccm.c:488:12:ccm_auth_crypt	32	static
C:/Users/bachirin/Desktop/AWS_gs/aws_poc_aed/Middleware/ARM/mbedtls/library/ccm.c:559:12:ccm_auth_decrypt	72	static
C:/Users/bachirin/Desktop/AWS_gs/aws_poc_aed/Middleware/ARM/mbedtls/library/ccm.c:519:5:mbedtls_ccm_star_encrypt_and_tag	40	static
C:/Users/bachirin/Desktop/AWS_gs/aws_poc_aed/Middleware/ARM/mbedtls/library/ccm.c:529:5:mbedtls_ccm_encrypt_and_tag	40	static
C:/Users/bachirin/Desktop/AWS_gs/aws_poc_aed/Middleware/ARM/mbedtls/library/ccm.c:584:5:mbedtls_ccm_star_auth_decrypt	40	static
C:/Users/bachirin/Desktop/AWS_gs/aws_poc_aed/Middleware/ARM/mbedtls/library/ccm.c:595:5:mbedtls_ccm_auth_decrypt	40	static
