C:/Users/bachirin/Desktop/AWS_gs/aws_poc_aed/Middleware/ARM/mbedtls/library/cipher_wrap.c:1934:12:null_setkey	0	static
C:/Users/bachirin/Desktop/AWS_gs/aws_poc_aed/Middleware/ARM/mbedtls/library/cipher_wrap.c:1944:15:null_ctx_alloc	0	static
C:/Users/bachirin/Desktop/AWS_gs/aws_poc_aed/Middleware/ARM/mbedtls/library/cipher_wrap.c:1949:13:null_ctx_free	0	static
C:/Users/bachirin/Desktop/AWS_gs/aws_poc_aed/Middleware/ARM/mbedtls/library/cipher_wrap.c:1925:12:null_crypt_stream	8	static
C:/Users/bachirin/Desktop/AWS_gs/aws_poc_aed/Middleware/ARM/mbedtls/library/cipher_wrap.c:2004:13:kw_ctx_free	8	static
C:/Users/bachirin/Desktop/AWS_gs/aws_poc_aed/Middleware/ARM/mbedtls/library/cipher_wrap.c:1994:14:kw_ctx_alloc	8	static
C:/Users/bachirin/Desktop/AWS_gs/aws_poc_aed/Middleware/ARM/mbedtls/library/cipher_wrap.c:2017:12:kw_aes_setkey_unwrap	16	static
C:/Users/bachirin/Desktop/AWS_gs/aws_poc_aed/Middleware/ARM/mbedtls/library/cipher_wrap.c:2010:12:kw_aes_setkey_wrap	16	static
C:/Users/bachirin/Desktop/AWS_gs/aws_poc_aed/Middleware/ARM/mbedtls/library/cipher_wrap.c:1880:13:chachapoly_ctx_free	8	static
C:/Users/bachirin/Desktop/AWS_gs/aws_poc_aed/Middleware/ARM/mbedtls/library/cipher_wrap.c:1867:15:chachapoly_ctx_alloc	8	static
C:/Users/bachirin/Desktop/AWS_gs/aws_poc_aed/Middleware/ARM/mbedtls/library/cipher_wrap.c:1854:12:chachapoly_setkey_wrap	8	static
C:/Users/bachirin/Desktop/AWS_gs/aws_poc_aed/Middleware/ARM/mbedtls/library/cipher_wrap.c:1808:13:chacha20_ctx_free	8	static
C:/Users/bachirin/Desktop/AWS_gs/aws_poc_aed/Middleware/ARM/mbedtls/library/cipher_wrap.c:1795:15:chacha20_ctx_alloc	8	static
C:/Users/bachirin/Desktop/AWS_gs/aws_poc_aed/Middleware/ARM/mbedtls/library/cipher_wrap.c:1770:12:chacha20_setkey_wrap	8	static
C:/Users/bachirin/Desktop/AWS_gs/aws_poc_aed/Middleware/ARM/mbedtls/library/cipher_wrap.c:1782:12:chacha20_stream_wrap	8	static
C:/Users/bachirin/Desktop/AWS_gs/aws_poc_aed/Middleware/ARM/mbedtls/library/cipher_wrap.c:110:13:ccm_ctx_free	8	static
C:/Users/bachirin/Desktop/AWS_gs/aws_poc_aed/Middleware/ARM/mbedtls/library/cipher_wrap.c:100:14:ccm_ctx_alloc	8	static
C:/Users/bachirin/Desktop/AWS_gs/aws_poc_aed/Middleware/ARM/mbedtls/library/cipher_wrap.c:576:12:ccm_aes_setkey_wrap	8	static
C:/Users/bachirin/Desktop/AWS_gs/aws_poc_aed/Middleware/ARM/mbedtls/library/cipher_wrap.c:91:13:gcm_ctx_free	8	static
C:/Users/bachirin/Desktop/AWS_gs/aws_poc_aed/Middleware/ARM/mbedtls/library/cipher_wrap.c:81:14:gcm_ctx_alloc	8	static
C:/Users/bachirin/Desktop/AWS_gs/aws_poc_aed/Middleware/ARM/mbedtls/library/cipher_wrap.c:507:12:gcm_aes_setkey_wrap	8	static
C:/Users/bachirin/Desktop/AWS_gs/aws_poc_aed/Middleware/ARM/mbedtls/library/cipher_wrap.c:445:13:xts_aes_ctx_free	8	static
C:/Users/bachirin/Desktop/AWS_gs/aws_poc_aed/Middleware/ARM/mbedtls/library/cipher_wrap.c:435:14:xts_aes_ctx_alloc	8	static
C:/Users/bachirin/Desktop/AWS_gs/aws_poc_aed/Middleware/ARM/mbedtls/library/cipher_wrap.c:428:12:xts_aes_setkey_dec_wrap	8	static
C:/Users/bachirin/Desktop/AWS_gs/aws_poc_aed/Middleware/ARM/mbedtls/library/cipher_wrap.c:421:12:xts_aes_setkey_enc_wrap	8	static
C:/Users/bachirin/Desktop/AWS_gs/aws_poc_aed/Middleware/ARM/mbedtls/library/cipher_wrap.c:164:12:aes_crypt_xts_wrap	16	static
C:/Users/bachirin/Desktop/AWS_gs/aws_poc_aed/Middleware/ARM/mbedtls/library/cipher_wrap.c:214:13:aes_ctx_free	8	static
C:/Users/bachirin/Desktop/AWS_gs/aws_poc_aed/Middleware/ARM/mbedtls/library/cipher_wrap.c:202:15:aes_ctx_alloc	8	static
C:/Users/bachirin/Desktop/AWS_gs/aws_poc_aed/Middleware/ARM/mbedtls/library/cipher_wrap.c:190:12:aes_setkey_dec_wrap	8	static
C:/Users/bachirin/Desktop/AWS_gs/aws_poc_aed/Middleware/ARM/mbedtls/library/cipher_wrap.c:196:12:aes_setkey_enc_wrap	8	static
C:/Users/bachirin/Desktop/AWS_gs/aws_poc_aed/Middleware/ARM/mbedtls/library/cipher_wrap.c:154:12:aes_crypt_ctr_wrap	24	static
C:/Users/bachirin/Desktop/AWS_gs/aws_poc_aed/Middleware/ARM/mbedtls/library/cipher_wrap.c:145:12:aes_crypt_ofb_wrap	16	static
C:/Users/bachirin/Desktop/AWS_gs/aws_poc_aed/Middleware/ARM/mbedtls/library/cipher_wrap.c:135:12:aes_crypt_cfb128_wrap	24	static
C:/Users/bachirin/Desktop/AWS_gs/aws_poc_aed/Middleware/ARM/mbedtls/library/cipher_wrap.c:126:12:aes_crypt_cbc_wrap	16	static
C:/Users/bachirin/Desktop/AWS_gs/aws_poc_aed/Middleware/ARM/mbedtls/library/cipher_wrap.c:119:12:aes_crypt_ecb_wrap	8	static
