C:/Users/bachirin/Desktop/AWS_gs/aws_poc_aed/Middleware/ARM/mbedtls/library/cmac.c:66:12:cmac_multiply_by_u	8	static
C:/Users/bachirin/Desktop/AWS_gs/aws_poc_aed/Middleware/ARM/mbedtls/library/cmac.c:151:13:cmac_xor_block	8	static
C:/Users/bachirin/Desktop/AWS_gs/aws_poc_aed/Middleware/ARM/mbedtls/library/cmac.c:167:13:cmac_pad	4	static
C:/Users/bachirin/Desktop/AWS_gs/aws_poc_aed/Middleware/ARM/mbedtls/library/cmac.c:119:12:cmac_generate_subkeys	56	static
C:/Users/bachirin/Desktop/AWS_gs/aws_poc_aed/Middleware/ARM/mbedtls/library/cmac.c:185:5:mbedtls_cipher_cmac_starts	16	static
C:/Users/bachirin/Desktop/AWS_gs/aws_poc_aed/Middleware/ARM/mbedtls/library/cmac.c:225:5:mbedtls_cipher_cmac_update	56	static
C:/Users/bachirin/Desktop/AWS_gs/aws_poc_aed/Middleware/ARM/mbedtls/library/cmac.c:293:5:mbedtls_cipher_cmac_finish	88	static
C:/Users/bachirin/Desktop/AWS_gs/aws_poc_aed/Middleware/ARM/mbedtls/library/cmac.c:354:5:mbedtls_cipher_cmac_reset	16	static
C:/Users/bachirin/Desktop/AWS_gs/aws_poc_aed/Middleware/ARM/mbedtls/library/cmac.c:373:5:mbedtls_cipher_cmac	96	static
C:/Users/bachirin/Desktop/AWS_gs/aws_poc_aed/Middleware/ARM/mbedtls/library/cmac.c:409:5:mbedtls_aes_cmac_prf_128	72	static
