C:/Users/bachirin/Desktop/AWS_gs/aws_poc_aed/Middleware/ARM/mbedtls/library/dhm.c:66:12:dhm_read_bignum	16	static
C:/Users/bachirin/Desktop/AWS_gs/aws_poc_aed/Middleware/ARM/mbedtls/library/dhm.c:101:12:dhm_check_range	32	static
C:/Users/bachirin/Desktop/AWS_gs/aws_poc_aed/Middleware/ARM/mbedtls/library/dhm.c:194:12:dhm_random_below	16	static
C:/Users/bachirin/Desktop/AWS_gs/aws_poc_aed/Middleware/ARM/mbedtls/library/dhm.c:206:12:dhm_make_common	32	static
C:/Users/bachirin/Desktop/AWS_gs/aws_poc_aed/Middleware/ARM/mbedtls/library/dhm.c:372:12:dhm_update_blinding	56	static
C:/Users/bachirin/Desktop/AWS_gs/aws_poc_aed/Middleware/ARM/mbedtls/library/dhm.c:121:6:mbedtls_dhm_init	8	static
C:/Users/bachirin/Desktop/AWS_gs/aws_poc_aed/Middleware/ARM/mbedtls/library/dhm.c:127:8:mbedtls_dhm_get_bitlen	8	static
C:/Users/bachirin/Desktop/AWS_gs/aws_poc_aed/Middleware/ARM/mbedtls/library/dhm.c:132:8:mbedtls_dhm_get_len	8	static
C:/Users/bachirin/Desktop/AWS_gs/aws_poc_aed/Middleware/ARM/mbedtls/library/dhm.c:137:5:mbedtls_dhm_get_value	8	static
C:/Users/bachirin/Desktop/AWS_gs/aws_poc_aed/Middleware/ARM/mbedtls/library/dhm.c:171:5:mbedtls_dhm_read_params	24	static
C:/Users/bachirin/Desktop/AWS_gs/aws_poc_aed/Middleware/ARM/mbedtls/library/dhm.c:247:5:mbedtls_dhm_make_params	48	static
C:/Users/bachirin/Desktop/AWS_gs/aws_poc_aed/Middleware/ARM/mbedtls/library/dhm.c:298:5:mbedtls_dhm_set_group	16	static
C:/Users/bachirin/Desktop/AWS_gs/aws_poc_aed/Middleware/ARM/mbedtls/library/dhm.c:319:5:mbedtls_dhm_read_public	16	static
C:/Users/bachirin/Desktop/AWS_gs/aws_poc_aed/Middleware/ARM/mbedtls/library/dhm.c:338:5:mbedtls_dhm_make_public	24	static
C:/Users/bachirin/Desktop/AWS_gs/aws_poc_aed/Middleware/ARM/mbedtls/library/dhm.c:436:5:mbedtls_dhm_calc_secret	56	static
C:/Users/bachirin/Desktop/AWS_gs/aws_poc_aed/Middleware/ARM/mbedtls/library/dhm.c:488:6:mbedtls_dhm_free	8	static
C:/Users/bachirin/Desktop/AWS_gs/aws_poc_aed/Middleware/ARM/mbedtls/library/dhm.c:511:5:mbedtls_dhm_parse_dhm	72	static
