C:/Users/bachirin/Desktop/AWS_gs/aws_poc_aed/Middleware/ARM/mbedtls/library/hmac_drbg.c:52:6:mbedtls_hmac_drbg_init	8	static
C:/Users/bachirin/Desktop/AWS_gs/aws_poc_aed/Middleware/ARM/mbedtls/library/hmac_drbg.c:62:5:mbedtls_hmac_drbg_update	104	static
C:/Users/bachirin/Desktop/AWS_gs/aws_poc_aed/Middleware/ARM/mbedtls/library/hmac_drbg.c:144:12:hmac_drbg_reseed_core	408	static
C:/Users/bachirin/Desktop/AWS_gs/aws_poc_aed/Middleware/ARM/mbedtls/library/hmac_drbg.c:110:5:mbedtls_hmac_drbg_seed_buf	24	static
C:/Users/bachirin/Desktop/AWS_gs/aws_poc_aed/Middleware/ARM/mbedtls/library/hmac_drbg.c:223:5:mbedtls_hmac_drbg_reseed	8	static
C:/Users/bachirin/Desktop/AWS_gs/aws_poc_aed/Middleware/ARM/mbedtls/library/hmac_drbg.c:235:5:mbedtls_hmac_drbg_seed	24	static
C:/Users/bachirin/Desktop/AWS_gs/aws_poc_aed/Middleware/ARM/mbedtls/library/hmac_drbg.c:293:6:mbedtls_hmac_drbg_set_prediction_resistance	0	static
C:/Users/bachirin/Desktop/AWS_gs/aws_poc_aed/Middleware/ARM/mbedtls/library/hmac_drbg.c:302:6:mbedtls_hmac_drbg_set_entropy_len	0	static
C:/Users/bachirin/Desktop/AWS_gs/aws_poc_aed/Middleware/ARM/mbedtls/library/hmac_drbg.c:310:6:mbedtls_hmac_drbg_set_reseed_interval	0	static
C:/Users/bachirin/Desktop/AWS_gs/aws_poc_aed/Middleware/ARM/mbedtls/library/hmac_drbg.c:319:5:mbedtls_hmac_drbg_random_with_add	40	static
C:/Users/bachirin/Desktop/AWS_gs/aws_poc_aed/Middleware/ARM/mbedtls/library/hmac_drbg.c:390:5:mbedtls_hmac_drbg_random	32	static
C:/Users/bachirin/Desktop/AWS_gs/aws_poc_aed/Middleware/ARM/mbedtls/library/hmac_drbg.c:414:6:mbedtls_hmac_drbg_free	8	static
