C:/Users/bachirin/Desktop/AWS_gs/aws_poc_aed/Middleware/ARM/mbedtls/library/ssl_ticket.c:99:12:ssl_ticket_update_keys	0	static
C:/Users/bachirin/Desktop/AWS_gs/aws_poc_aed/Middleware/ARM/mbedtls/library/ssl_ticket.c:69:12:ssl_ticket_gen_key	48	static
C:/Users/bachirin/Desktop/AWS_gs/aws_poc_aed/Middleware/ARM/mbedtls/library/ssl_ticket.c:279:32:ssl_ticket_select_key	24	static
C:/Users/bachirin/Desktop/AWS_gs/aws_poc_aed/Middleware/ARM/mbedtls/library/ssl_ticket.c:42:6:mbedtls_ssl_ticket_init	8	static
C:/Users/bachirin/Desktop/AWS_gs/aws_poc_aed/Middleware/ARM/mbedtls/library/ssl_ticket.c:127:5:mbedtls_ssl_ticket_setup	16	static
C:/Users/bachirin/Desktop/AWS_gs/aws_poc_aed/Middleware/ARM/mbedtls/library/ssl_ticket.c:196:5:mbedtls_ssl_ticket_write	88	static
C:/Users/bachirin/Desktop/AWS_gs/aws_poc_aed/Middleware/ARM/mbedtls/library/ssl_ticket.c:295:5:mbedtls_ssl_ticket_parse	88	static
C:/Users/bachirin/Desktop/AWS_gs/aws_poc_aed/Middleware/ARM/mbedtls/library/ssl_ticket.c:390:6:mbedtls_ssl_ticket_free	8	static
