C:/Users/bachirin/Desktop/AWS_gs/aws_poc_aed/Middleware/ARM/mbedtls/library/ssl_cache.c:53:12:ssl_cache_find_entry	24	static
C:/Users/bachirin/Desktop/AWS_gs/aws_poc_aed/Middleware/ARM/mbedtls/library/ssl_cache.c:127:12:ssl_cache_pick_writing_slot	40	static
C:/Users/bachirin/Desktop/AWS_gs/aws_poc_aed/Middleware/ARM/mbedtls/library/ssl_cache.c:41:6:mbedtls_ssl_cache_init	8	static
C:/Users/bachirin/Desktop/AWS_gs/aws_poc_aed/Middleware/ARM/mbedtls/library/ssl_cache.c:92:5:mbedtls_ssl_cache_get	32	static
C:/Users/bachirin/Desktop/AWS_gs/aws_poc_aed/Middleware/ARM/mbedtls/library/ssl_cache.c:247:5:mbedtls_ssl_cache_set	40	static
C:/Users/bachirin/Desktop/AWS_gs/aws_poc_aed/Middleware/ARM/mbedtls/library/ssl_cache.c:329:6:mbedtls_ssl_cache_set_max_entries	0	static
C:/Users/bachirin/Desktop/AWS_gs/aws_poc_aed/Middleware/ARM/mbedtls/library/ssl_cache.c:336:6:mbedtls_ssl_cache_free	16	static
