C:/Users/bachirin/Desktop/AWS_gs/aws_poc_aed/Middleware/ARM/mbedtls/library/x509_csr.c:62:12:x509_csr_get_version	8	static
C:/Users/bachirin/Desktop/AWS_gs/aws_poc_aed/Middleware/ARM/mbedtls/library/x509_csr.c:332:5:mbedtls_x509_csr_info	72	static
C:/Users/bachirin/Desktop/AWS_gs/aws_poc_aed/Middleware/ARM/mbedtls/library/x509_csr.c:376:6:mbedtls_x509_csr_init	8	static
C:/Users/bachirin/Desktop/AWS_gs/aws_poc_aed/Middleware/ARM/mbedtls/library/x509_csr.c:384:6:mbedtls_x509_csr_free	16	static
C:/Users/bachirin/Desktop/AWS_gs/aws_poc_aed/Middleware/ARM/mbedtls/library/x509_csr.c:85:5:mbedtls_x509_csr_parse_der	56	static
C:/Users/bachirin/Desktop/AWS_gs/aws_poc_aed/Middleware/ARM/mbedtls/library/x509_csr.c:257:5:mbedtls_x509_csr_parse	56	static
