C:/Users/bachirin/Desktop/AWS_gs/aws_poc_aed/Middleware/ARM/littlefs/bd/lfs_testbd.c:106:12:lfs_testbd_rawread	16	static
C:/Users/bachirin/Desktop/AWS_gs/aws_poc_aed/Middleware/ARM/littlefs/bd/lfs_testbd.c:116:12:lfs_testbd_rawprog	16	static
C:/Users/bachirin/Desktop/AWS_gs/aws_poc_aed/Middleware/ARM/littlefs/bd/lfs_testbd.c:136:12:lfs_testbd_rawsync	8	static
C:/Users/bachirin/Desktop/AWS_gs/aws_poc_aed/Middleware/ARM/littlefs/bd/lfs_testbd.c:126:12:lfs_testbd_rawerase	8	static
C:/Users/bachirin/Desktop/AWS_gs/aws_poc_aed/Middleware/ARM/littlefs/bd/lfs_testbd.c:13:5:lfs_testbd_createcfg	16	static
C:/Users/bachirin/Desktop/AWS_gs/aws_poc_aed/Middleware/ARM/littlefs/bd/lfs_testbd.c:70:5:lfs_testbd_create	8	static
C:/Users/bachirin/Desktop/AWS_gs/aws_poc_aed/Middleware/ARM/littlefs/bd/lfs_testbd.c:87:5:lfs_testbd_destroy	16	static
C:/Users/bachirin/Desktop/AWS_gs/aws_poc_aed/Middleware/ARM/littlefs/bd/lfs_testbd.c:146:5:lfs_testbd_read	32	static,ignoring_inline_asm
C:/Users/bachirin/Desktop/AWS_gs/aws_poc_aed/Middleware/ARM/littlefs/bd/lfs_testbd.c:171:5:lfs_testbd_prog	32	static,ignoring_inline_asm
C:/Users/bachirin/Desktop/AWS_gs/aws_poc_aed/Middleware/ARM/littlefs/bd/lfs_testbd.c:220:5:lfs_testbd_erase	16	static,ignoring_inline_asm
C:/Users/bachirin/Desktop/AWS_gs/aws_poc_aed/Middleware/ARM/littlefs/bd/lfs_testbd.c:267:5:lfs_testbd_sync	8	static
C:/Users/bachirin/Desktop/AWS_gs/aws_poc_aed/Middleware/ARM/littlefs/bd/lfs_testbd.c:276:20:lfs_testbd_getwear	8	static,ignoring_inline_asm
C:/Users/bachirin/Desktop/AWS_gs/aws_poc_aed/Middleware/ARM/littlefs/bd/lfs_testbd.c:289:5:lfs_testbd_setwear	8	static,ignoring_inline_asm
