C:/Users/bachirin/Desktop/AWS_gs/aws_poc_aed/Projects/Common/sys/hal_init.c:110:13:SystemClock_Config	232	static,ignoring_inline_asm
C:/Users/bachirin/Desktop/AWS_gs/aws_poc_aed/Projects/Common/sys/hal_init.c:190:13:hw_cache_init	8	static,ignoring_inline_asm
C:/Users/bachirin/Desktop/AWS_gs/aws_poc_aed/Projects/Common/sys/hal_init.c:294:13:hw_gpio_init	64	static
C:/Users/bachirin/Desktop/AWS_gs/aws_poc_aed/Projects/Common/sys/hal_init.c:179:13:hw_gpdma_init	16	static
C:/Users/bachirin/Desktop/AWS_gs/aws_poc_aed/Projects/Common/sys/hal_init.c:532:13:hw_spi_init	24	static,ignoring_inline_asm
C:/Users/bachirin/Desktop/AWS_gs/aws_poc_aed/Projects/Common/sys/hal_init.c:517:13:hw_spi2_msp_deinit	8	static,ignoring_inline_asm
C:/Users/bachirin/Desktop/AWS_gs/aws_poc_aed/Projects/Common/sys/hal_init.c:395:13:hw_spi2_msp_init	248	static,ignoring_inline_asm
C:/Users/bachirin/Desktop/AWS_gs/aws_poc_aed/Projects/Common/sys/hal_init.c:600:13:hw_rng_init	216	static,ignoring_inline_asm
C:/Users/bachirin/Desktop/AWS_gs/aws_poc_aed/Projects/Common/sys/hal_init.c:641:13:hw_tim5_init	16	static,ignoring_inline_asm
C:/Users/bachirin/Desktop/AWS_gs/aws_poc_aed/Projects/Common/sys/hal_init.c:65:6:hw_init	16	static
C:/Users/bachirin/Desktop/AWS_gs/aws_poc_aed/Projects/Common/sys/hal_init.c:698:6:HAL_MspInit	16	static
C:/Users/bachirin/Desktop/AWS_gs/aws_poc_aed/Projects/Common/sys/hal_init.c:704:6:HAL_I2C_MspDeInit	8	static,ignoring_inline_asm
C:/Users/bachirin/Desktop/AWS_gs/aws_poc_aed/Projects/Common/sys/hal_init.c:715:6:HAL_I2C_MspInit	248	static,ignoring_inline_asm
C:/Users/bachirin/Desktop/AWS_gs/aws_poc_aed/Projects/Common/sys/hal_init.c:752:19:HAL_InitTick	0	static
C:/Users/bachirin/Desktop/AWS_gs/aws_poc_aed/Projects/Common/sys/hal_init.c:760:6:HAL_Delay	16	static,ignoring_inline_asm
