C:/Users/bachirin/Desktop/AWS_gs/aws_poc_aed/Projects/Common/sys/interrupt_handlers.c:44:44:prvGetRegistersFromStack	48	static,ignoring_inline_asm
C:/Users/bachirin/Desktop/AWS_gs/aws_poc_aed/Projects/Common/sys/interrupt_handlers.c:36:6:NMI_Handler	0	static,ignoring_inline_asm
C:/Users/bachirin/Desktop/AWS_gs/aws_poc_aed/Projects/Common/sys/interrupt_handlers.c:82:6:HardFault_Handler	0	static,ignoring_inline_asm
C:/Users/bachirin/Desktop/AWS_gs/aws_poc_aed/Projects/Common/sys/interrupt_handlers.c:97:6:MemManage_Handler	0	static,ignoring_inline_asm
C:/Users/bachirin/Desktop/AWS_gs/aws_poc_aed/Projects/Common/sys/interrupt_handlers.c:105:6:BusFault_Handler	0	static,ignoring_inline_asm
C:/Users/bachirin/Desktop/AWS_gs/aws_poc_aed/Projects/Common/sys/interrupt_handlers.c:113:6:UsageFault_Handler	0	static,ignoring_inline_asm
C:/Users/bachirin/Desktop/AWS_gs/aws_poc_aed/Projects/Common/sys/interrupt_handlers.c:121:6:Error_Handler	0	static,ignoring_inline_asm
C:/Users/bachirin/Desktop/AWS_gs/aws_poc_aed/Projects/Common/sys/interrupt_handlers.c:131:6:DebugMon_Handler	0	static,ignoring_inline_asm
C:/Users/bachirin/Desktop/AWS_gs/aws_poc_aed/Projects/Common/sys/interrupt_handlers.c:137:6:EXTI14_IRQHandler	8	static
C:/Users/bachirin/Desktop/AWS_gs/aws_poc_aed/Projects/Common/sys/interrupt_handlers.c:142:6:EXTI15_IRQHandler	8	static
C:/Users/bachirin/Desktop/AWS_gs/aws_poc_aed/Projects/Common/sys/interrupt_handlers.c:152:6:GPDMA1_Channel0_IRQHandler	8	static
C:/Users/bachirin/Desktop/AWS_gs/aws_poc_aed/Projects/Common/sys/interrupt_handlers.c:162:6:GPDMA1_Channel6_IRQHandler	8	static
C:/Users/bachirin/Desktop/AWS_gs/aws_poc_aed/Projects/Common/sys/interrupt_handlers.c:167:6:GPDMA1_Channel4_IRQHandler	8	static
C:/Users/bachirin/Desktop/AWS_gs/aws_poc_aed/Projects/Common/sys/interrupt_handlers.c:175:6:GPDMA1_Channel5_IRQHandler	8	static
C:/Users/bachirin/Desktop/AWS_gs/aws_poc_aed/Projects/Common/sys/interrupt_handlers.c:184:6:TIM6_IRQHandler	0	static
C:/Users/bachirin/Desktop/AWS_gs/aws_poc_aed/Projects/Common/sys/interrupt_handlers.c:189:6:SPI2_IRQHandler	8	static
C:/Users/bachirin/Desktop/AWS_gs/aws_poc_aed/Projects/Common/sys/interrupt_handlers.c:199:6:_SysTick_Handler	8	static
C:/Users/bachirin/Desktop/AWS_gs/aws_poc_aed/Projects/Common/sys/interrupt_handlers.c:213:6:HAL_TIM_PeriodElapsedCallback	0	static
C:/Users/bachirin/Desktop/AWS_gs/aws_poc_aed/Projects/Common/sys/interrupt_handlers.c:226:6:GPIO_EXTI_Register_Callback	8	static,ignoring_inline_asm
C:/Users/bachirin/Desktop/AWS_gs/aws_poc_aed/Projects/Common/sys/interrupt_handlers.c:243:6:HAL_GPIO_EXTI_Falling_Callback	0	static
C:/Users/bachirin/Desktop/AWS_gs/aws_poc_aed/Projects/Common/sys/interrupt_handlers.c:266:6:HAL_GPIO_EXTI_Rising_Callback	8	static,ignoring_inline_asm
