C:/Users/bachirin/Desktop/AWS_gs/aws_poc_aed/Middleware/AWS/OTA/source/portable/os/ota_os_freertos.c:174:13:selfTestTimerCallback	8	static
C:/Users/bachirin/Desktop/AWS_gs/aws_poc_aed/Middleware/AWS/OTA/source/portable/os/ota_os_freertos.c:191:13:requestTimerCallback	8	static
C:/Users/bachirin/Desktop/AWS_gs/aws_poc_aed/Middleware/AWS/OTA/source/portable/os/ota_os_freertos.c:65:15:OtaInitEvent_FreeRTOS	16	static
C:/Users/bachirin/Desktop/AWS_gs/aws_poc_aed/Middleware/AWS/OTA/source/portable/os/ota_os_freertos.c:93:15:OtaSendEvent_FreeRTOS	16	static
C:/Users/bachirin/Desktop/AWS_gs/aws_poc_aed/Middleware/AWS/OTA/source/portable/os/ota_os_freertos.c:123:15:OtaReceiveEvent_FreeRTOS	24	static
C:/Users/bachirin/Desktop/AWS_gs/aws_poc_aed/Middleware/AWS/OTA/source/portable/os/ota_os_freertos.c:157:15:OtaDeinitEvent_FreeRTOS	8	static
C:/Users/bachirin/Desktop/AWS_gs/aws_poc_aed/Middleware/AWS/OTA/source/portable/os/ota_os_freertos.c:208:15:OtaStartTimer_FreeRTOS	24	static,ignoring_inline_asm
C:/Users/bachirin/Desktop/AWS_gs/aws_poc_aed/Middleware/AWS/OTA/source/portable/os/ota_os_freertos.c:284:15:OtaStopTimer_FreeRTOS	16	static
C:/Users/bachirin/Desktop/AWS_gs/aws_poc_aed/Middleware/AWS/OTA/source/portable/os/ota_os_freertos.c:316:15:OtaDeleteTimer_FreeRTOS	16	static
C:/Users/bachirin/Desktop/AWS_gs/aws_poc_aed/Middleware/AWS/OTA/source/portable/os/ota_os_freertos.c:351:8:Malloc_FreeRTOS	8	static
C:/Users/bachirin/Desktop/AWS_gs/aws_poc_aed/Middleware/AWS/OTA/source/portable/os/ota_os_freertos.c:356:6:Free_FreeRTOS	8	static
