C:/Users/bachirin/Desktop/AWS_gs/aws_poc_aed/Middleware/lwip/src/core/def.c:76:1:lwip_htons	0	static
C:/Users/bachirin/Desktop/AWS_gs/aws_poc_aed/Middleware/lwip/src/core/def.c:90:1:lwip_htonl	0	static
C:/Users/bachirin/Desktop/AWS_gs/aws_poc_aed/Middleware/lwip/src/core/def.c:105:1:lwip_strnstr	32	static
C:/Users/bachirin/Desktop/AWS_gs/aws_poc_aed/Middleware/lwip/src/core/def.c:128:1:lwip_stricmp	4	static
C:/Users/bachirin/Desktop/AWS_gs/aws_poc_aed/Middleware/lwip/src/core/def.c:163:1:lwip_strnicmp	8	static
C:/Users/bachirin/Desktop/AWS_gs/aws_poc_aed/Middleware/lwip/src/core/def.c:199:1:lwip_itoa	8	static
