C:/Users/bachirin/Desktop/AWS_gs/aws_poc_aed/Projects/Common/cli/cli_conf.c:85:13:vSubCommand_GetConfig	32	static
C:/Users/bachirin/Desktop/AWS_gs/aws_poc_aed/Projects/Common/cli/cli_conf.c:214:13:vSubCommand_GetConfigAll	16	static
C:/Users/bachirin/Desktop/AWS_gs/aws_poc_aed/Projects/Common/cli/cli_conf.c:222:13:vSubCommand_SetConfig	40	static
C:/Users/bachirin/Desktop/AWS_gs/aws_poc_aed/Projects/Common/cli/cli_conf.c:71:13:vSubCommand_CommitConfig	8	static
C:/Users/bachirin/Desktop/AWS_gs/aws_poc_aed/Projects/Common/cli/cli_conf.c:371:13:vCommand_Configure	24	static
