C:/Users/bachirin/Desktop/AWS_gs/aws_poc_aed/Projects/Common/kvstore/kvstore.c:46:15:xReadEntryOrDefault	48	static,ignoring_inline_asm
C:/Users/bachirin/Desktop/AWS_gs/aws_poc_aed/Projects/Common/kvstore/kvstore.c:87:6:KVStore_init	8	static
C:/Users/bachirin/Desktop/AWS_gs/aws_poc_aed/Projects/Common/kvstore/kvstore.c:107:12:KVStore_setBlob	8	static
C:/Users/bachirin/Desktop/AWS_gs/aws_poc_aed/Projects/Common/kvstore/kvstore.c:122:12:KVStore_setString	16	static
C:/Users/bachirin/Desktop/AWS_gs/aws_poc_aed/Projects/Common/kvstore/kvstore.c:137:12:KVStore_setUInt32	16	static
C:/Users/bachirin/Desktop/AWS_gs/aws_poc_aed/Projects/Common/kvstore/kvstore.c:150:12:KVStore_setInt32	16	static
C:/Users/bachirin/Desktop/AWS_gs/aws_poc_aed/Projects/Common/kvstore/kvstore.c:163:12:KVStore_setUBase	16	static
C:/Users/bachirin/Desktop/AWS_gs/aws_poc_aed/Projects/Common/kvstore/kvstore.c:177:12:KVStore_setBase	16	static
C:/Users/bachirin/Desktop/AWS_gs/aws_poc_aed/Projects/Common/kvstore/kvstore.c:190:8:KVStore_getSize	8	static
C:/Users/bachirin/Desktop/AWS_gs/aws_poc_aed/Projects/Common/kvstore/kvstore.c:214:8:KVStore_getBlob	24	static
C:/Users/bachirin/Desktop/AWS_gs/aws_poc_aed/Projects/Common/kvstore/kvstore.c:232:8:KVStore_getBlobHeap	32	static
C:/Users/bachirin/Desktop/AWS_gs/aws_poc_aed/Projects/Common/kvstore/kvstore.c:266:20:KVStore_getType	0	static
C:/Users/bachirin/Desktop/AWS_gs/aws_poc_aed/Projects/Common/kvstore/kvstore.c:278:8:KVStore_getString	24	static
C:/Users/bachirin/Desktop/AWS_gs/aws_poc_aed/Projects/Common/kvstore/kvstore.c:307:8:KVStore_getStringHeap	32	static
C:/Users/bachirin/Desktop/AWS_gs/aws_poc_aed/Projects/Common/kvstore/kvstore.c:341:10:KVStore_getUInt32	24	static
C:/Users/bachirin/Desktop/AWS_gs/aws_poc_aed/Projects/Common/kvstore/kvstore.c:367:9:KVStore_getInt32	24	static
C:/Users/bachirin/Desktop/AWS_gs/aws_poc_aed/Projects/Common/kvstore/kvstore.c:391:12:KVStore_getBase	24	static
C:/Users/bachirin/Desktop/AWS_gs/aws_poc_aed/Projects/Common/kvstore/kvstore.c:415:13:KVStore_getUBase	24	static
C:/Users/bachirin/Desktop/AWS_gs/aws_poc_aed/Projects/Common/kvstore/kvstore.c:439:14:kvKeyToString	0	static
C:/Users/bachirin/Desktop/AWS_gs/aws_poc_aed/Projects/Common/kvstore/kvstore.c:451:14:kvStringToKey	16	static
