C:/Users/bachirin/Desktop/AWS_gs/aws_poc_aed/Projects/Common/kvstore/kvstore_cache.c:137:6:vprvCacheInit	24	static,ignoring_inline_asm
C:/Users/bachirin/Desktop/AWS_gs/aws_poc_aed/Projects/Common/kvstore/kvstore_cache.c:170:8:prvGetCacheEntryLength	8	static,ignoring_inline_asm
C:/Users/bachirin/Desktop/AWS_gs/aws_poc_aed/Projects/Common/kvstore/kvstore_cache.c:181:20:prvGetCacheEntryType	8	static,ignoring_inline_asm
C:/Users/bachirin/Desktop/AWS_gs/aws_poc_aed/Projects/Common/kvstore/kvstore_cache.c:195:12:xprvWriteCacheEntry	24	static,ignoring_inline_asm
C:/Users/bachirin/Desktop/AWS_gs/aws_poc_aed/Projects/Common/kvstore/kvstore_cache.c:251:12:xprvCopyValueFromCache	48	static,ignoring_inline_asm
C:/Users/bachirin/Desktop/AWS_gs/aws_poc_aed/Projects/Common/kvstore/kvstore_cache.c:292:12:KVStore_xCommitChanges	16	static
