C:/Users/bachirin/Desktop/AWS_gs/aws_poc_aed/Projects/Common/cli/cli_utils.c:182:17:ulGetStackDepth	0	static
C:/Users/bachirin/Desktop/AWS_gs/aws_poc_aed/Projects/Common/cli/cli_utils.c:206:13:prvPSCommand	72	static
C:/Users/bachirin/Desktop/AWS_gs/aws_poc_aed/Projects/Common/cli/cli_utils.c:314:21:xGetTaskHandleFromID	32	static
C:/Users/bachirin/Desktop/AWS_gs/aws_poc_aed/Projects/Common/cli/cli_utils.c:289:13:vSignalTask	8	static
C:/Users/bachirin/Desktop/AWS_gs/aws_poc_aed/Projects/Common/cli/cli_utils.c:343:13:vKillCommand	32	static
C:/Users/bachirin/Desktop/AWS_gs/aws_poc_aed/Projects/Common/cli/cli_utils.c:386:13:vKillAllCommand	32	static
C:/Users/bachirin/Desktop/AWS_gs/aws_poc_aed/Projects/Common/cli/cli_utils.c:665:13:vAssertCommand	8	static,ignoring_inline_asm
C:/Users/bachirin/Desktop/AWS_gs/aws_poc_aed/Projects/Common/cli/cli_utils.c:431:13:vHeapStatCommand	88	static,ignoring_inline_asm
C:/Users/bachirin/Desktop/AWS_gs/aws_poc_aed/Projects/Common/cli/cli_utils.c:624:13:vResetCommand	8	static,ignoring_inline_asm
C:/Users/bachirin/Desktop/AWS_gs/aws_poc_aed/Projects/Common/cli/cli_utils.c:633:13:vUptimeCommand	40	static
